== chocolate chip cookie recipe
  12 ingredients [description] The Best Chocolate Chip Cookies You’ll Ever Make (Bakery-Quality) | Epicurious 101
   9 ingredients [description] The BEST Soft and Chewy Chocolate Chip Cookies
   9 ingredients [description] The Best Chewy Chocolate Chip Cookies
  11 ingredients [recipe_page] How to Make the Perfect Chocolate Chip Cookie ... Even Better? | Vaughn Vreeland | NYT Cooking
  20 ingredients [description] The BEST CHEWY Chocolate Chip Cookies Recipe
  10 ingredients [description] The Ideal Chocolate Chip Cookie + A Cookie Hack
  10 ingredients [recipe_page] Chris Makes Chocolate Chip Cookies | From the Test Kitchen | Bon Appétit
   0 ingredients [none] Chocolate Chip Cookies | Basics with Babish
  14 ingredients [description] 48-Hour Chocolate Chip Cookies
   0 ingredients [none] I Built The PERFECT Chocolate Chip Cookie Recipe
   9 ingredients [description] The PERFECT Chocolate Chip Cookie Recipe - Baking Basics
   0 ingredients [none] The Best Chocolate Chip Cookie Recipe In The World
   0 ingredients [none] 10 Levels of Chocolate Chip Cookies
   0 ingredients [none] Perfect Chocolate Chip Cookies - Easy No-Mixer Chocolate Chip Cookies
   9 ingredients [description] My ULTIMATE Chewy Chocolate Chip Cookie Recipe | Cupcake Jemma
  13 ingredients [description] This Basic Cookie Becomes Insanely Better with These Methods
  11 ingredients [description] Once You Try Chocolate chip Cookies This Way, You Won't Go Back
  11 ingredients [recipe_page] How to Make the Best Chocolate Chip Cookies | Chocolate Chip Cookies | What's Eating Dan?
  10 ingredients [description] Best Chocolate Chip Cookie 🍪 Recipe 😍 By Chef Hafsa
== sugar cookie recipe
   5 ingredients [description] No Spread Sugar Cookie Recipe
   0 ingredients [none] Classic Sugar Cookie Recipe - Martha Stewart
  11 ingredients [description] Softest Sugar Cookies ♡ Bake With Me
   0 ingredients [none] How to make Vanilla Sugar Cookies - Recipe by Laura Vitale - Laura in the Kitchen Ep 104
   0 ingredients [none] How to Make Easy Sugar Cookies | Get Cookin' | Allrecipes
   8 ingredients [recipe_page] Easy Cut Out Sugar Cookie Recipe | Wilton
  17 ingredients [recipe_page] Easy Lofthouse Cookies Recipe
  10 ingredients [recipe_page] Soft and Chewy Sugar Cookies
  15 ingredients [description] CHEWY Vanilla Sugar Cookie Recipe
   5 ingredients [description] Quick & Easy Wedding Cookies Using Fondant Stamps - Expert Tips and My Sugar Cookie Recipe
   5 ingredients [description] How to Make Easy Classic Sugar Cookies for Decorating | NO Spread Rollout Sugar Cookies | UPDATED
   9 ingredients [recipe_page] BEST SUGAR COOKIE RECIPE FOR CUT OUT COOKIES, TIPS ON COOKIE BAKING
  10 ingredients [description] The Best Sugar Cookie for Royal Icing (No Spread & Soft Bite)
   0 ingredients [none] Old Fashioned Sugar Cookies Recipe Demonstration - Joyofbaking.com
   3 ingredients [recipe_page] 3-ingredient Butter Cookies That Will Melt In Your Mouth
   3 ingredients [description] 3-Ingredient Sugar Cookies
   6 ingredients [description] SIX ingredient cookies recipe | Easy 20 minute brown sugar cookies!!
  11 ingredients [description] CRUMBL Sugar Cookie Recipe Better Than The Original! Copy Cat!
   7 ingredients [description] The Easiest No Spread Sugar Cookie Ever | Great for Gift Giving | Christmas Baking
  10 ingredients [description] CRUMBL Sugar Cookies
== oatmeal raisin cookie recipe
  17 ingredients [description] Professional Baker Teaches You How To Make OATMEAL RAISIN COOKIES!
  12 ingredients [description] Brown butter oatmeal cookie recipe
  11 ingredients [description] BEST Oatmeal Raisin Cookies | Classic, Chewy, Delicious! 😍
   0 ingredients [none] How to Make Oatmeal Raisin Cookies | SOFT and CHEWY
  11 ingredients [description] Oatmeal Raisin Cookies
   0 ingredients [none] Best cookie recipe - Oatmeal Raisin Cookies
   0 ingredients [none] Oatmeal raisin cookies. Super chewy
  15 ingredients [description] How To Make THE BEST Healthy Oatmeal Raisin Cookies Recipe | ONLY 100 CALORIES
  13 ingredients [recipe_page] Super Easy HEALTHY Oatmeal Cookies
   9 ingredients [recipe_page] SUPER EASY CRISPY OATMEAL COOKIES
  12 ingredients [recipe_page] Soft & Chewy Oatmeal Raisin Cookies (Grandma’s Secret Recipe)
  11 ingredients [description] Soft and Chewy Oatmeal raisin cookie recipe/Oatmeal cookie in Five Simple Steps
   0 ingredients [none] How to Make Oatmeal Raisin Cookies | Allrecipes.com
  10 ingredients [description] Grandma's SECRET Ingredient: Nostalgic Oatmeal Raisin Cookie Recipe!
  11 ingredients [recipe_page] THE ONLY Oatmeal Raisin Cookies You'll Ever Need! | Crispy Oatmeal Raisin Cookies
  12 ingredients [recipe_page] Chewy Oatmeal Raisin Cookies Recipe- How to make bakery style oatmeal raisin cookies
  13 ingredients [description] Soft and Chewy Oatmeal Raisin Cookies | Oatmeal Cookies Recipe
  17 ingredients [description] Perfect Oatmeal Raisin Cookies in under 1 Hour (Start-to-Finish)
  12 ingredients [description] How to Make Soft and Chewy Oatmeal Raisin Cookies - Delicious and Satisfying - The Hillbilly Kitchen
   0 ingredients [none] THE BEST: OATMEAL RAISIN COOKIES!!!! PERFECT RECIPE
== peanut butter cookie recipe
   0 ingredients [none] How to Make Peanut Butter Cookies - Recipe by Laura Vitale - Laura in the Kitchen Ep 114
   3 ingredients [recipe_page] How to Make Perfect Peanut Butter Cookies & Why Peanut Butter is Hard to Swallow | What's Eating Dan
   0 ingredients [none] How to Make the Best Peanut Butter Cookies | Allrecipes
  11 ingredients [recipe_page] Peanut Brown-Butter Cookies | Sue Li | Cookie Week | NYT Cooking
  15 ingredients [recipe_page] Chocolate Chip Peanut Butter Cookies | How Tasty Channel
  10 ingredients [recipe_page] Peanut Butter Chocolate Chip Cookies
   0 ingredients [none] Peanut Butter Cookies Recipe Demonstration - Joyofbaking.com
  11 ingredients [description] Ridiculously Big, Thick Peanut Butter Chocolate Chunk Cookies
   0 ingredients [none] How to Make Classic Peanut Butter Cookies | Get Cookin' | Allrecipes
  10 ingredients [recipe_page] EASY Peanut Butter Blossom Cookies Recipe
  11 ingredients [description] Perfect Peanut Butter Crinkle Cookies
   0 ingredients [none] Old-Fashioned Peanut Butter Cookies - Martha Stewart
   0 ingredients [none] Peanut Butter Cookies (Classic Version) - Joyofbaking.com
   7 ingredients [description] No Bake Peanut Butter Cookies
   5 ingredients [recipe_page] Easy Peanut Butter Bars Recipe
   9 ingredients [description] The Best Peanut Butter Cookies with Claire Saffitz | Dessert Person
  13 ingredients [recipe_page] Melty Peanut Butter Cookies 🍪🤎 So Gooey Inside!
   9 ingredients [description] The BEST Soft Peanut Butter Cookies
  10 ingredients [description] Peanut Butter Cookies - Classic Version - The Hillbilly Kitchen
   3 ingredients [recipe_page] Soft and Chewy Peanut Butter Cookies - Just 3 Ingredients
== snickerdoodle recipe
  29 ingredients [description] GIANT SINGLE SERVE COOKIE RECIPE (Peanut Butter Cookie , Sugar Cookie & Snickerdoodle)
   9 ingredients [description] The BEST Soft And Chewy Snickerdoodle Cookies | Pantry Dessert Ideas | Chef James
  12 ingredients [recipe_page] Chewy Snickerdoodle Cookies| The Bomb Diggity Kind
  12 ingredients [description] The Perfect Cookie for Fall: Brown Butter Snickerdoodles
  10 ingredients [description] The BEST Snickerdoodles Recipe EVER!
   0 ingredients [none] How to Make Snickerdoodles - Cookie Recipe by Laura Vitale Laura in the Kitchen Ep 107
   0 ingredients [none] SOFT and CHEWY Snickerdoodle Cookies with NO Cream of Tarter
   8 ingredients [description] Professional Baker Teaches You How To Make SNICKERDOODLE COOKIES!
   0 ingredients [none] Soft & Delicious Classic Snickerdoodle Cookie Recipe 😍
  10 ingredients [recipe_page] BEST SNICKERDOODLE RECIPE EVER
   0 ingredients [none] BIG, Chewy Snickerdoodle Cookies!
   0 ingredients [none] The Best Soft Snickerdoodle Cookie Recipe
  11 ingredients [recipe_page] Snickerdoodles Recipe | Jane’s Patisserie
  11 ingredients [recipe_page] Snickerdoodles | Sally's Baking
   9 ingredients [description] Old Fashioned SNICKERDOODLE Cookie Recipe From 1958! This CLASSIC, Tasty Cookie is a BREEZE To Make!
  12 ingredients [description] Bakery-Style Snickerdoodle Cookies | Best Recipe! 🏆
  10 ingredients [recipe_page] Snickerdoodles | Betty Crocker Recipe
   0 ingredients [none] Snickerdoodle Cookie Recipe
  10 ingredients [recipe_page] Aunt Kathy's Snickerdoodle Cookies ~ Classic Recipe with Perfect Crackle Top Every Time
   8 ingredients [description] THE BEST Snickerdoodle Cookies / Old School Recipes #8 / Holiday Recipes
== double chocolate cookie recipe
  11 ingredients [description] Fudgy, Bakery Style Double Chocolate Chunk Cookies
  11 ingredients [description] The BEST Brown Butter Double Chocolate Cookies Recipe 🍪
   0 ingredients [none] Double Chocolate Cookies | Alfie Deyes & Jamie Oliver
   0 ingredients [none] HOW TO MAKE SOFT AND CHEWY DOUBLE CHOCOLATE CHIP COOKIES
  12 ingredients [description] How to Make Double Chocolate Chip Cookies
  12 ingredients [recipe_page] Bakery-Style Double Chocolate Cookies
  13 ingredients [description] Gooey Double Chocolate S'more Cookies ♡ Bake With Me
   0 ingredients [none] Levain Double Chocolate Chip Cookies | Copycat Recipe
  10 ingredients [description] Subway Double Chocolate Chip Cookies
   7 ingredients [description] Double Chocolate Cookies | BakeClub
  10 ingredients [description] BEST EVER Double Chocolate Chip Cookies
  10 ingredients [recipe_page] Double Chocolate Chunk Cookies
   0 ingredients [none] Double Chocolate Chip Cookies | Fudgy Chocolate Cookies Recipe | Spicy Foodz
   0 ingredients [none] Double Chocolate Chip Cookies ♡ Bake With Me
  11 ingredients [description] DOUBLE CHOCOLATE CHIP COOKIE | NYC style Thick and No-Chill Cookie recipe
  12 ingredients [description] Double Chocolate Chip Cookies
  12 ingredients [description] Beth's Double Chocolate Chunk Cookie Recipe | ENTERTAINING WITH BETH
   7 ingredients [description] DOUBLE CHOCOLATE CHIP COOKIES | gluten-free cookie recipe
   0 ingredients [none] Easy Double Chocolate Chip Cookies Recipe at Home | Yummy
  11 ingredients [recipe_page] FUDGY No Chill Vegan Double Chocolate Chip Cookies
== shortbread cookie recipe
   3 ingredients [description] How To Make Shortbread  | Good Housekeeping UK
   0 ingredients [none] How to Make Shortbread Cookies | Get Cookin' | Allrecipes
   4 ingredients [description] Easy Scottish shortbread | No roll method :)
   3 ingredients [description] The secret to the perfect crunchy Shortbread | Emojoie
   0 ingredients [none] Rosemary Shortbread Cookies - How to Make Shortbread Cookies
   4 ingredients [description] Chris’s Traditional Shortbread Fingers
  13 ingredients [description] Easy Shortbread Cookies (Lime Squiggles) with Claire Saffitz | Dessert Person
   3 ingredients [description] 3-ingredient Butter Cookies/ Shortbread Cookies/ Easy and Delicious
   6 ingredients [recipe_page] Lightly Crispy Shortbread Cookies | So Simple!
   6 ingredients [description] Professional Baker Teaches You How To Make SHORTBREAD!
   3 ingredients [description] 3-Ingredient Shortbread Cookies-How To Make Old Fashioned Shortbread Cookies EASY Recipe
   0 ingredients [none] Martha Stewart’s Traditional Shortbread | Martha Bakes Recipes | Martha Stewart
   0 ingredients [none] Scottish Shortbread Cookie Recipe||Homemade||Easy Recipe
   0 ingredients [none] Shortbread Cookies Recipe Demonstration - Joyofbaking.com
   0 ingredients [none] Shortbread Cookie Recipe - Laura Vitale - Laura in the Kitchen Episode 255
   5 ingredients [description] 3 Ingredient Melt In Your Mouth Shortbread Cookies | Recipe
   3 ingredients [description] Traditional Scottish Shortbread Recipe & Cook with me!
   5 ingredients [description] SHORTBREAD COOKIE Walkers Style
   0 ingredients [none] Traditional Shortbread | Waitrose
   0 ingredients [none] ONLY 3 INGREDIENTS BUTTER SHORTBREAD COOKIES RECIPE
== gingerbread cookie recipe
  16 ingredients [description] Make ANY Cookie with THIS Recipe  (Linzer/Sugar/Gingerbread/Chocolate/Butter/Holiday Cookies
  11 ingredients [description] Gingerbread Recipe: How to Make Gingerbread Dough from Cookies Cupcakes and Cardio
  11 ingredients [description] No mixer required | No Molasses Gingerbread Cookies | Elmi’s Plate
   0 ingredients [none] Simply THE BEST SOFT Ginger Cookies Recipe
   0 ingredients [none] The Best Gingerbread man Cookies | Eggless Gingerbread cookies
  11 ingredients [recipe_page] Super Easy Gingerbread Recipe
  11 ingredients [recipe_page] Gingerbread Men
  15 ingredients [recipe_page] The Best Gingerbread Cookie Recipe EVER
   0 ingredients [none] Quick And Easy Gingerbread Cookies Recipe
  11 ingredients [description] How to Make the Best Ever Ginger Molasses Cookies (Better Than Starbucks!)
   0 ingredients [none] The Ultimate Kids friendly Gingerbread Cookies for Christmas/Eggless/Easy for Beginners
   8 ingredients [description] Simple Gingerbread Cookies | no chill dough, no molasses
  16 ingredients [description] The Most Flavorful Gingerbread Man You'll Ever Have
  10 ingredients [recipe_page] Fresh Ginger Cookies
   0 ingredients [none] Gingerbread Cookies For Christmas | Gingerbread Man Cookies Recipe | Yummy
  10 ingredients [description] Chewy Ginger Cookies
   0 ingredients [none] Ginger Cookies Recipe Demonstration - Joyofbaking.com
  12 ingredients [description] Soft Ginger Cookies Recipe
   0 ingredients [none] The BEST Classic Gingerbread Cookies You'll Ever Bake (Soft & Tender)
  11 ingredients [recipe_page] The Best Soft Gingerbread Cookies Recipe for Christmas
  24 ingredients [description] Perfect Easy Gingerbread Cookies For Christmas | Soft and Chewy | Cookies de Natal Gingerbread
  13 ingredients [description] How to Make Chewy Gingerbread Cookies | Bite Size
  11 ingredients [description] The BEST Gingerbread Cookie Recipe Ever!
== white chocolate macadamia cookie recipe
  13 ingredients [recipe_page] White Chocolate Macadamia Nut Cookies
   9 ingredients [recipe_page] Amazing White Chocolate Chip Cookies | Preppy Kitchen
  10 ingredients [description] White Chocolate Macadamia Nut Cookies!! - Homemade Cookie Recipe
   9 ingredients [description] THE BEST Chocolate Chip Cookie Recipe with Macadamia Nuts
  10 ingredients [recipe_page] White Chocolate Macadamia Nut Cookies | Easy & Delicious Holiday Baking
  13 ingredients [recipe_page] White Chocolate Macadamia Nut Cookies Recipe! | Soft & Chewy!
  10 ingredients [description] White Chocolate Macadamia and Cranberry Cookies | Soft and Chewy
  12 ingredients [description] How To Make White Chocolate Chip Macadamia Nut Cookies
  11 ingredients [description] White Chocolate Macadamia Cookies — Soft, Chewy & Perfectly Golden - Maple Neige Recipe
  10 ingredients [recipe_page] CHEWY WHITE CHOCOLATE MACADAMIA NUT COOKIES: Easy and phenomenal macadamia nut cookies!
  11 ingredients [recipe_page] Low-Carb/Sugar Free White Chocolate Macadamia Nut Cookies
  10 ingredients [description] Chewy and Buttery Cookies Loaded with White Chocolate!
   0 ingredients [none] White Chocolate Macadamia Nut Cookies - Laura in the Kitchen Episode 170
   0 ingredients [none] Levain Bakery White Chocolate Macadamia Cookies: Nutty, Buttery, and Creamy | Cooking with Kurt
  12 ingredients [description] White Chocolate Macadamia Nut Cookies
  12 ingredients [description] White Chocolate Chip Macadamia Nut Cookies -- The Frugal Chef
  22 ingredients [description] Matcha White Chocolate Macadamia Nut Cookies
  10 ingredients [description] White chocolate chip macadamia nut cookies recipe
  10 ingredients [description] Best White Chocolate Macadamia Nut Cookies 2020 WOW!
  10 ingredients [description] Brown Butter White Chocolate Chip Macadamia Nut Cookies ⋆˚♡˖°Bake With Me
== molasses cookie recipe
   0 ingredients [none] Ginger Molasses Cookies | Get Cookin' with Brava Chef Travis
  11 ingredients [description] Old Fashioned Soft Molasses Cookies Recipe
  10 ingredients [description] Super Soft Molasses Cookies!
  11 ingredients [description] My Grandma’s Molasses Cookies Recipe | Easy Gingersnaps HEARTHFUL KITCHEN EP. 43
  12 ingredients [description] Molasses Cookies | Chewy Molasses Cookie Recipe | Old Fashioned Molasses Cookie
  14 ingredients [description] Chewy AND Crunchy Molasses Spice Cookies, a secret ingredient that friends will beg to know.
   0 ingredients [none] The BEST Ginger Molasses  Cookies
   0 ingredients [none] Best Homemade Old Fashioned Molasses Cookies
   0 ingredients [none] Delicious Molasses Cookies without Refined Sugar
   0 ingredients [none] Martha Stewarts Chewy Chocolate Ginger-Molasses Cookies | Martha Bakes Recipes
   0 ingredients [none] Molasses Cookies
   0 ingredients [none] Molasses cookies recipe easy
   9 ingredients [recipe_page] Chewy Molasses Cookies recipe
  14 ingredients [description] MOLASSES COOKIES | BAKING WITH FRESH MILLED FLOUR | HOMEMADE COOKIES From Scratch
  13 ingredients [description] Chewy Chocolate Molasses Cookies with a Ginger Kick!
   0 ingredients [none] Martha Stewart's Molasses-Ginger Crisps | Martha Bakes Recipes
  12 ingredients [description] OLD Fashioned Molasses Cookies Recipe You'll LOVE!
  10 ingredients [description] Old Fashioned Molasses Cookies (Must Try), Perfect for the Holidays,  Inspirational Thought
  10 ingredients [description] Soft & Chewy Ginger Molasses Cookies
== brown butter cookie recipe
  13 ingredients [description] Brown Butter Maple Chocolate Chip Cookies 🍂 Bake With Me
  12 ingredients [recipe_page] Perfect Brown Butter Chocolate Chip Cookies Recipe
   1 ingredients [recipe_page] How to Brown Butter
   9 ingredients [recipe_page] BROWN BUTTER CHOCOLATE CHIP COOKIES RECIPE
  12 ingredients [recipe_page] The Best Brown Butter Chocolate Chip Cookies | How Tasty Channel
  11 ingredients [recipe_page] Rick Makes Chocolate Chip Toffee Cookies | From the Test Kitchen | Bon Appétit
  11 ingredients [description] How to Make Brown Butter Chocolate Chip Cookies
   0 ingredients [none] I Made the Thickest Brown Butter Cookies Ever ♡ Bake With Me
   9 ingredients [description] The Easiest And Best Brown Butter Cookies!
  12 ingredients [recipe_page] We Tried 9 Brown Butter Chocolate Chip Cookie Recipes in One Day
   0 ingredients [none] How softened butter, melted butter, and browned butter affect chocolate chip cookies
   0 ingredients [none] The 69 Million View Recipe
   0 ingredients [none] Broma Bakery's Famous Browned Butter Chocolate Chip Cookies | SWEET TOOTH S1E1
  25 ingredients [recipe_page] My Ultimate Cookie | Basics with Babish
   0 ingredients [none] The Best Brown Butter Chocolate Chip Cookies You'll Ever Eat
   7 ingredients [recipe_page] Brown Butter Sea Salt Cookie Recipe
  11 ingredients [description] Chewy Brown Butter Oatmeal Chocolate Chunk Cookies
  10 ingredients [recipe_page] Why BROWN BUTTER is the ultimate flavor cheat code (& how to bake with it)
  13 ingredients [recipe_page] The Best EGGLESS Brown Butter Chocolate Chip Cookies [ASMR] | How Tasty Channel
  11 ingredients [description] Burnt Miso BROWN BUTTER Chocolate Chip Cookies | SNACKS Ep. 9
  10 ingredients [description] Chocolate Chip Cookie Upgrade: Crinkly, Chewy, Browned Butter | Easy No-Mixer Recipe
  11 ingredients [description] HOW TO MAKE | THE BEST BROWN BUTTA CHOCOLATE CHIP PECAN COOKIES!!
  10 ingredients [description] Soft Brown Butter Oatmeal Chocolate Chip Cookies ♡ Bake With Me
== chewy cookie recipe
   0 ingredients [none] CHEWY CHOCOLATE CHIP COOKIES - SUPER THIN, SOFT & CHEWY!
   9 ingredients [recipe_page] Chewy Chocolate Chip Cookies
   0 ingredients [none] Subway-Style Chewy Chocolate Chip Cookies | Crispy edges and Soft,Chewy inside || Petit Plats
  10 ingredients [description] The MOST Perfect Chocolate Chip Cookies! Crunchy Outside, Soft & Chewy Inside!
   9 ingredients [description] Ultimate Soft and Chewy Chocolate Chip Cookies | Peaches and Cream
  11 ingredients [description] Chewy Espresso Chocolate Chip Cookies ♡ Bake With Me
  12 ingredients [description] Chocolate Chip Cookies (3 WAYS)
  11 ingredients [description] Alton Brown's Famous "The Chewy" Chocolate Chip Cookies | Good Eats | Food Network
  13 ingredients [recipe_page] SECRET INGREDIENT for CHEWY PUMPKIN COOKIES - Recipe By DOUBLE STOP BAKE SHOP #easyrecipe
  10 ingredients [description] Thin and chewy chocolate chip cookies | Easy cookie recipe
   9 ingredients [description] How to Make Chocolate Chip Cookies - Easy Soft Chewy Chocolate Chip Cookie Recipe
  20 ingredients [description] 2 Easy Chocolate Chip Cookies Recipes! Chewy vs Thin & Crispy!
  11 ingredients [recipe_page] The Internet's Best Chewy Chocolate Chip Cookies
== soft cookie recipe
  10 ingredients [description] The Ultimate Soft Baked Cookie Recipe
   0 ingredients [none] Soft Chocolate Chip Cookies｜Apron
   9 ingredients [description] The New Secret to Soft Chocolate Chip Cookies - the BEST recipe ever!!
  29 ingredients [recipe_page] Make 4 Kinds of Soft & Chewy Cookies from One Dough!🍪
   0 ingredients [none] Katanya metode ini buat soft cookies kamu tambah enak, renyah di luar soft dan chewy di dalam.
  10 ingredients [recipe_page] Soft Chocolate Chip Cookies
  26 ingredients [description] Soft Fluffy Chocolate Chip Cookies ♡ Bake with me
   0 ingredients [none] The Science Behind the Perfect Chocolate Chip Cookies - Kitchen Conundrums with Thomas Joseph
  14 ingredients [description] Soft Cookies n' Cream Cookies ♡ Bake With Me
  12 ingredients [description] Thick Soft And Chewy Chocolate Chip Cookies
== crinkle cookie recipe
   9 ingredients [recipe_page] The BEST Chocolate Crinkle Cookies Recipe
  10 ingredients [description] Fudgy And Chewy CHOCOLATE CRINKLES
   9 ingredients [description] Culinary Student Bakes Moist and Chewy Chocolate Crinkle Cookies
   9 ingredients [recipe_page] Easy, Delicious Chocolate Crinkle Cookies
  12 ingredients [recipe_page] Easy Lemon Crinkle Cookies Recipe
   0 ingredients [none] 3-Colour Cookie Box 🎁🍪: Marble Crinkle Cookies
   9 ingredients [description] Professional Baker Teaches You How To Make CRINKLE COOKIES!
  10 ingredients [recipe_page] The Best Chocolate Crinkle Cookies Recipe Ever
   0 ingredients [none] How to Make Chocolate Crinkle Cookies (Easy Holiday Cookie Recipe) | Allrecipes
   0 ingredients [none] Chocolate Crinkle Cookie Recipe - Laura Vitale - Laura in the Kitchen Episode 756
   9 ingredients [description] Chocolate Crinkle Cookies Recipe
   0 ingredients [none] 5-Minute Ube Crinkle Cookies | Soft, Chewy & Melt-in-Your-Mouth
  10 ingredients [recipe_page] Chocolate Nutella Crinkle Cookies | How Tasty Channel
  10 ingredients [recipe_page] BAKERS SECRET to perfect Lemon Crinkle Cookies!
   9 ingredients [description] How to make Pastel Colored Crinkle Cookies | Chef Darlene
   9 ingredients [recipe_page] Chocolate Crinkle Cookies | Bigger Bolder Baking
  10 ingredients [description] Easy Lemon Crinkle Cookies 🍋 Bake With Me
  10 ingredients [description] UBE CRINKLES
  11 ingredients [description] Chocolate Crinkle Cookies that are like Biting into a Brownie
   0 ingredients [none] Perfect Chocolate Crinkle Cookies | The Ultimate Holiday Treat!
  11 ingredients [recipe_page] Lemon-Turmeric Crinkle Cookies | Eric Kim | Cookie Week | NYT Cooking
   0 ingredients [none] Ube Crinkle Cookies: Fudgy Purple Yam with Soft-Baked Center & Crackled Texture | Cooking with Kurt
   0 ingredients [none] How to Make the *Best* Cake Mix Crinkle Cookies
  12 ingredients [description] PERFECT Butterscotch Crinkle Cookies! Soft, Chewy & Yummy | Happy Baking with Erin Jeanne McDowell
   1 ingredients [recipe_page] 4 Ingredient Chocolate Crinkle Cookies - Cake Mix Cookies Recipe
  12 ingredients [recipe_page] Double Chocolate Crinkle Cookies | Sally's Baking
   8 ingredients [description] How To Make SUPER FUDGY Chocolate Crinkle Cookies
   0 ingredients [none] Homemade Chocolate Crinkles
   9 ingredients [description] How to Make Chocolate Crinkles Cookies | Easy Crinkle Cookie Recipe
   0 ingredients [none] How to Make Ube Crinkle Cookies
  18 ingredients [description] Ube Crinkle Cookie Recipe That Stays Super Soft!!
   9 ingredients [recipe_page] Chocolate Crinkle Cookies – Soft, Fudgy & So Easy!
   7 ingredients [description] How to Make the Perfect Lemon Crinkle Cookie | Lemon Cookies Recipe | Watch Over
  13 ingredients [recipe_page] Science: How to Bake Crinkly Cookies (Like Sugar Cookies, Gingersnaps, or Chocolate Crinkle Cookies)
== red velvet cookie recipe
  15 ingredients [description] How to make Chunky Red Velvet Cheesecake stuffed Cookies | NYC Style | Recipe
  13 ingredients [description] Red Velvet & White Chocolate Chip Cookies | Cupcake Jemma
  16 ingredients [recipe_page] Red Velvet Cookies
  11 ingredients [description] Red Velvet Chocolate Chip Cookies Recipe
  30 ingredients [description] Soft Red Velvet Chocolate Chip Cookies ♡ Bake With Me
  11 ingredients [description] The Best Red Velvet Cookies | Soft and Chewy
  11 ingredients [description] These cookies went viral on Instagram! Red Velvet Cookies with Cream Cheese Icing
  12 ingredients [description] The Perfect Valentine's Day Treat: Red Velvet Cookies Recipe
  20 ingredients [description] Soft Cookies n' Cream Red Velvet Cheesecake Cookies ♡ Bake With Me
  14 ingredients [recipe_page] Red Velvet Cookies | How Tasty Channel
  12 ingredients [recipe_page] Red Velvet Chocolate Chip Cookies | Sally's Baking
  10 ingredients [description] Homemade New York Style RED VELVET COOKIES Recipe | Simple & Easy Cookies Recipe
  11 ingredients [description] Soft, Chewy, Red Velvet Cookies
  15 ingredients [description] EASY RED VELVET CHOCOLATE CHIP COOKIES!!! Soft & Chewy Bakery Style Cookies
   3 ingredients [description] Red Velvet Cookies from Cake Mix (Crumbl inspired) #crumblcookies
  10 ingredients [description] EGGLESS RED VELVET COOKIES | Easy Red Velvet Cookies Recipe Without Eggs | Bake With Shivesh
  16 ingredients [description] Red Velvet Cream Cheese Stuffed Cookies
  13 ingredients [description] NYC Red Velvet Cookie
  13 ingredients [description] Christmas Cookies | How To Make Red Velvet Cookies #MrMakeItHappen
  16 ingredients [description] Red Velvet Cookie & Cream Cookies ♡ Bake With Me
   5 ingredients [description] Red Velvet Cookies Recipe | Cream Cheese Stuffed | Eggless Bakery Style
   0 ingredients [none] Red Velvet Chocolate Chips Cookies | Eggless & Without Oven | Yummy
  13 ingredients [description] Red Velvet + White Chocolate Chip Cookies
  34 ingredients [description] NY Style Cookies: One Dough, Endless Creations | Red Velvet | Cookie & Cream | Chocolate | Monster
  11 ingredients [description] Chewy Red Velvet Chocolate Chunk Cookies
  16 ingredients [description] Red Velvet Cookies Recipe 😍 By Chef Hafsa
   0 ingredients [none] Red Velvet Cookies | Cupcake Jemma NYC Cookies Recipe Test#6
   0 ingredients [none] Easy recipe | RED VELVET COOKIES WITH CREAMCHEESE | AIR FRYER
   5 ingredients [recipe_page] Red Velvet Cake Mix Cookies (Easy, 5 Ingredients)
  10 ingredients [description] Red Velvet Sugar Cookies | No Chill Needed | Small Batch Cookie Recipe
  12 ingredients [description] Red Velvet Cookies | Simple, Easy, Delicious
  17 ingredients [description] Soft Red Velvet Cookies With Cream Cheese Frosting | Crumbl Copycat Red Velvet Cupcake Cookie |
   0 ingredients [none] Red Velvet Chocolate Chip Cookies | Eggless Red Velvet Cookies Recipe | Yummy
   4 ingredients [description] Red Velvet Cake Mix Cookies Recipe!
   9 ingredients [description] Red Velvet Marble Cookies Recipe | Homemade Eggless Cookies | How To Make Red Velvet Cookie |Bhumika
== lemon cookie recipe
  13 ingredients [recipe_page] The BEST Lemon Cookies Recipe
   7 ingredients [description] Biscotti Morbidi al Limone 🍋 che si Sciolgono in bocca 🤤
  13 ingredients [recipe_page] AMAZING Lemon Cookies Recipe
   6 ingredients [description] How to Make Easy Lemon Cookies 🍋 A Classic Italian Recipe
   0 ingredients [none] Soft Lemon Cookies - Melt in your mouth
   9 ingredients [description] Easy Lemon Sugar Cookies | Soft and Chewy | No Mixer Needed!
   7 ingredients [description] Nur wenige kennen dieses Rezept! Weiche Zitronenkekse 🍋
   9 ingredients [description] Lemon Crinkle Cookies
  21 ingredients [recipe_page] The Cookies I Can't Stop Making and People Won't Believe You Made!
   0 ingredients [none] [MV] TAK - ‘LEMON MELON COOKIE’ feat. 初音ミク
   6 ingredients [description] Easy 4 ingredient lemon cookie recipe - melt in your mouth glazed lemon cookies
   0 ingredients [none] Martha Stewart's Old Fashioned Lemon-Sugar Cookies | Martha Bakes Recipes
   8 ingredients [description] THE BEST ITALIAN COOKIES: SOFT LEMON COOKIES
   8 ingredients [recipe_page] Lemon Shortbread Recipe | Simple Lemon Cookies From-Scratch
   0 ingredients [none] Lemon Cookies Recipe Demonstration - Joyofbaking.com
  10 ingredients [description] 🍋 Lemon cookies in 10 minutes! Simple and very tasty!
  12 ingredients [description] The BEST CHEWY Lemon Sugar Cookies Recipe!
   0 ingredients [none] The Lemon Cookie Recipe Your Family Will Beg You to Make Again
  14 ingredients [description] Lemon Cheesecake Cookies ♡ Bake With Me
  16 ingredients [description] Lemon Cheesecake Cookies 🍋 bake with me
   8 ingredients [description] Lemon Meltaway Cookies Made with REAL Lemons
   0 ingredients [none] Soft & Chewy Lemon Cookies (Easy! 20 Minutes!)
  11 ingredients [description] How to Make Lemon Cookies
   5 ingredients [description] EASY NO BAKE 3 Ingredient Lemon Cookies🍋🍪Lightened Up WW Recipe- Weight Watchers lemon cookie recipe
   0 ingredients [none] Ready in Just 10 Minutes! Lemon Cookies for Tea and Coffee!
   7 ingredients [recipe_page] Easy Lemon Cookies (Buttery & Lightly Crispy!)
   4 ingredients [description] Glazed Lemon Knot Cookies - Mary'sKitchenMtl
  11 ingredients [recipe_page] The best lemon cookies | Homemade cookies made with real lemon zest and lemon juice | Spring dessert
  12 ingredients [recipe_page] How to Make Keto Lemon Cookies The EASY WAY!
   9 ingredients [description] Soft Lemon Crinkle Cookies | Em’s Kitchen
   0 ingredients [none] Cool Whip Lemon Cookies
  11 ingredients [description] Easy Lemon Twinkle Cookie Recipe | Bake Along w/ Anna Olson
   0 ingredients [none] Indulge in the Best Gluten-Free Italian Almond Lemon Cookies Ever! (Racciarelli) -TKFoodie.com
== m&m cookie recipe
   9 ingredients [recipe_page] Soft Chewy M&M Cookies Recipe
   9 ingredients [recipe_page] Chewy M&M Cookies | Eric Kim | NYT Cooking
   9 ingredients [description] RAINBOW M&M Chocolate Chip Cookies Recipe | EVERYDAY EATS
   0 ingredients [none] M&M's® Cookies (Classic Version) - Joyofbaking.com
   0 ingredients [none] How to Make M&M Cookies | Cookie Recipes | Allrecipes.com
   0 ingredients [none] Giant Chocolate Chip M&Ms Cookie Recipe
  10 ingredients [recipe_page] Soft-Baked M&M Cookies | Sally's Baking
  11 ingredients [description] M&M COOKIES | homemade cookie recipe
  10 ingredients [description] How to Make M&M Cookies!
   6 ingredients [description] EASY M&M COOKIES RECIPE
   0 ingredients [none] How to Make M&M Cookies | TRY THIS RECIPE!
  11 ingredients [recipe_page] Chocolate M&M Cookies
   9 ingredients [recipe_page] Best M&M Chocolate Chip Cookies Recipe (Soft and Chewy)
  11 ingredients [description] Chocolate Chip M&M Cookies Recipe (Soft & Chewy Bakery Style)
   5 ingredients [description] M&M's COOKIES IN 15 MINUTEN KLAAR OM TE ETEN | BAKKEN MET CRAFTMAMA
   0 ingredients [none] How to make M&M Cookies | Easy and Delicious Recipe
  11 ingredients [recipe_page] M&M Cookie Bars | Sally's Baking
   7 ingredients [description] M&M's Cookies | BakeClub
  11 ingredients [recipe_page] Soft n Chewy M&M Cookies~ Homemade easy recipe!
  10 ingredients [recipe_page] Chewy M&M Cookie Bars Recipe
   0 ingredients [none] M&M Cookies Recipe - Laura Vitale - Laura in the Kitchen Episode 309
   0 ingredients [none] The BEST M&M Cookie Recipe On YouTube 🍪 (Kid APPROVED ✅)
   0 ingredients [none] My Favorite M&M Cookie Recipe
   0 ingredients [none] How to Make the BEST M&M Cookies
  16 ingredients [description] M&M'S Cookies and Dip
   0 ingredients [none] M&M's - Cookie Inception (2023, USA)
   0 ingredients [none] The PERFECT M&M COOKIES!! HOW TO MAKE?!!
   9 ingredients [description] Soft & Chewy M&M Cookies | SweetTreats
   0 ingredients [none] M&Ms Cookies Recipe Demonstration - Joyofbaking.com
   9 ingredients [recipe_page] This Secret Ingredient Makes Softer, Chewier Cookies | America's Test Kitchen
   9 ingredients [description] M&M Chocolate Chip Cookies
  12 ingredients [description] Chocolate M&M Cookies
  10 ingredients [description] m & m cookies recipe | How to make m&m cookie at home | Homemade m&m cookies
   9 ingredients [description] M&M Cookies!
   9 ingredients [description] Mini M&M Cookies
== cookie recipe no chill
  10 ingredients [description] NO CHILL Chocolate Chip Cookie Recipe | New York Style Thick Cookies | No Mixer cookie making
   8 ingredients [description] CHEWY Chocolate Chip Cookies | Grandma's Recipe | NO CHILL Needed
  11 ingredients [recipe_page] BEST EVER Chocolate Chip Cookies (no chill, mix by hand)
  10 ingredients [description] S’MORES COOKIES | No-Chill and Thick Style Cookie Recipe
   0 ingredients [none] 2-Minute Vs. 2-Hour Vs. 2-Day Cookie • Tasty
   4 ingredients [description] Easy 3 ingredient cookies recipe. No chill eggless crunchy sugar cookies. Easy Baking
   9 ingredients [description] Viral Mini Chocolate Chip Cookie - No Chill
  14 ingredients [description] BEST Sugar Cookies Recipe - NO CHILL!
  28 ingredients [description] Fluffy Chocolate Chip S'more Cookies ♡ Bake With Me
   8 ingredients [description] EASY sugar cookie recipe (fast, no chill) | Cut-out cookies | How to make sugar cookies from scratch
   7 ingredients [description] Pam Kennedy Bakes No Chill No Spread Sugar Cookie Dough Recipe and Method
   9 ingredients [description] The BEST Chewy Chocolate Chip Cookies In Less Than 10 Minutes
   4 ingredients [description] No Chill Chocolate Chip Cookies | Recipe Video *Recipe in Description*
  10 ingredients [description] Soft and Chewy Cream Cheese Chocolate Chip Cookies | NO Chill
  12 ingredients [recipe_page] BEST NO CHILL Brown Butter Chocolate Chip Cookies
  10 ingredients [description] White Chocolate Chip Cookie Recipe | No Chill Needed
   8 ingredients [description] Easy Soft chewy Chocolate Chip Cookies IN 15 MINS (no chill time)
   6 ingredients [recipe_page] Funfetti Sugar Cookie Recipe | No spread no chill vegan baking
== thumbprint cookie recipe
   8 ingredients [recipe_page] Thumbprint Cookies Recipe
   0 ingredients [none] The Easiest Thumbprint Cookies With Infinite Fillings
   5 ingredients [description] Thumbprint Cookies | Jam Cookies Recipe
   0 ingredients [none] Perfect Thumbprint Cookies - Food Wishes
   8 ingredients [description] How to Make Heart-Shaped Thumbprint Jam Cookies (Raspberry Flavor)
   0 ingredients [none] How to Make the Best Thumbprint Cookies - Easy Jam Cookies
  10 ingredients [description] The Internet’s Favorite Thumbprint Cookie (Here’s Why)
   0 ingredients [none] Thumbprint Cookies (Classic Version) - Joyofbaking.com
  11 ingredients [description] Chocolate Thumbprint Cookies Recipe
   0 ingredients [none] Thumbprint Cookies Recipe Demonstration - Joyofbaking.com
  10 ingredients [description] How To Make Thumbprint Cookies
   0 ingredients [none] Easy Jam Filled Cookies | Thumbprint Cookies - Melts in your mouth
   8 ingredients [recipe_page] Thumbprint Cookies | Preppy Kitchen
   5 ingredients [recipe_page] Jam Thumbprint Cookie Recipe: Christmas Cookie Collaboration
   5 ingredients [description] THUMBPRINT COOKIES - How to make THUMBPRINT COOKIES Recipe
   6 ingredients [description] Professional Baker Teaches You  How To Make Thumbprint Cookies LIVE!
   6 ingredients [description] HALLONGROTTOR | Swedish Raspberry Thumbprints
  11 ingredients [recipe_page] The Easiest and Best Old-Fashioned Thumbprint Cookie Recipe
   0 ingredients [none] Meghan, Duchess of Sussex Shows How to Make Thumbprint Cookies with Raspberry Jam
   9 ingredients [description] Thumbprint Cookies Cookies - Super Easy Holiday Recipe
   0 ingredients [none] How to Make Raspberry and Almond Shortbread Thumbprints | Cookie Recipe | Allrecipes.com
  15 ingredients [recipe_page] Easy Thumbprint Cookie Recipe | Christmas Cookies!
   8 ingredients [recipe_page] Thumbprint Cookies — The Holiday Cookie Everyone Asks For
   8 ingredients [description] Thumbprint Cookies Recipe | Chocolate Cookies - Tea Time Snack | The Bombay Chef - Varun Inamdar
  11 ingredients [recipe_page] EASY THUMBPRINT COOKIES | Jam or Chocolate Filled!
  14 ingredients [description] Lemon Cookies Recipe | Lemon Thumbprint Cookies
  13 ingredients [recipe_page] Lemon Thumbprint Cookies | Sally's Baking
   9 ingredients [description] How to make Thumbprint Cookies! Quick, Easy, & Scrumptious!
   7 ingredients [description] Jam Drops (Thumbnail cookies)
   9 ingredients [recipe_page] Thumbprint Cookies With Dulce de Leche, Nutella or Jam | NYT Cooking
   9 ingredients [recipe_page] Raspberry Almond Shortbread Thumbprint Cookies
   0 ingredients [none] How To Make Colorful Christmas Thumbprint Cookies - Recipe
   0 ingredients [none] Chocolate Kiss Thumbprint Cookie Recipe | Hershey’s Kiss | CHOCOLATE |The Southern Mountain Kitchen
   7 ingredients [recipe_page] Buttery Jam Thumbprint Cookies
   0 ingredients [none] Thumbprint Cookies Recipe | 4 Ingredients Strawberry Jam Cookies
== butter cookie recipe
   3 ingredients [description] 3-Ingredient Butter Cookies Recipe
   7 ingredients [recipe_page] Easy Butter Cookies Recipe
   8 ingredients [description] My Favourite Butter Cookie Recipe
   7 ingredients [recipe_page] Butter Cookies
   4 ingredients [description] 4 Ingredient Butter Cookie Crunch super easy to make
   0 ingredients [none] Easy-to-make and gift-friendly butter cookies recipe/Icing cookies
   7 ingredients [description] The Best Danish Butter Cookies Recipe
   7 ingredients [description] Melt In Your Mouth Butter Cookies | Danish Butter Cookies Recipe | 쉬운 베이킹
   5 ingredients [description] How To Make Melt In Your Mouth CRISPY BUTTER COOKIES!
   3 ingredients [description] 3 Ingredient Butter Cookies - Easy Butter Cookie Recipe
   8 ingredients [description] The secret ingredient in this BUTTER COOKIE recipe will change your life!
   9 ingredients [description] Butter Cookies ♡ Bake With Me
   5 ingredients [description] Butter Cookies Recipe | How to Make Butter cookies
   5 ingredients [description] Beginner's easy to bake 10 minute Melt in your mouth Butter Cookies / बेस्ट  बटर  कुकीज़
   0 ingredients [none] BUTTER COOKIES
   0 ingredients [none] 🍪 Danish Butter Cookies — 3 Best Recipes in One Video!
   5 ingredients [description] Who Remembers This? | EASY Butter Cookies Recipe | Simply Mamá Cooks
  19 ingredients [description] Butter Cookie Easy Recipe
   0 ingredients [none] Butter Cookies Recipe | Classic Homemade Recipe | Melt in Your Mouth Bakery Style
   8 ingredients [description] How to Make Butter Cookies
   0 ingredients [none] 3 ingredient Butter Cookies | Melt In Your Mouth | Quick & Easy Eggless Recipe
   0 ingredients [none] Diese Kekse zergehen auf der Zunge! Mit nur 3 Zutaten! Gott, wie lecker!
   6 ingredients [description] Easy Butter Cookies - How to make Butter Cookies | CNY Cookie Recipe | SweetsMin
   3 ingredients [description] 3-Ingredient Butter Cookies That Melt in Your Mouth
   0 ingredients [none] Butter Cookies Recipe Demonstration - Joyofbaking.com
   5 ingredients [description] Classic Butter Cookies | Just 5 Ingredients! | No Mixer Needed
   0 ingredients [none] Butter Cookies
   5 ingredients [description] Best Danish Butter Cookies
   0 ingredients [none] ബട്ടർ കുക്കീസ് | Butter Cookies Recipe without beater | Malayalam Recipe
   7 ingredients [description] Easy Butter Cookies Recipe - Scrumptious Butter Cookies with Jam
   0 ingredients [none] Patterned Butter Cookies in less than 10 minutes! Easy Cookies recipe you will make everyday!
== nutella cookie recipe
   3 ingredients [recipe_page] Nutella Cookies
  10 ingredients [recipe_page] Chocolate Chip Nutella Cookies | How Tasty Channel
  11 ingredients [description] The Best Nutella New York Cookies
   0 ingredients [none] 21 Ways to Use Nutella
  12 ingredients [description] Creamy Nutella Stuffed Chocolate Chip Cookies ♡ Bake With Me
   5 ingredients [recipe_page] 4 Ingredient Nutella Cookies | How Tasty Channel
  10 ingredients [description] Nutella Stuffed Cookies
  10 ingredients [recipe_page] Eggless Chocolate Chip Nutella Cookies | How Tasty Channel
   8 ingredients [description] The Best Nutella Cookie Pie Recipe! Easy Tutorial!
  10 ingredients [description] Nutella Chocolate Chip Cookies Recipe
   8 ingredients [description] Nutella Stuffed Chocolate Chip Cookies Recipe
   3 ingredients [description] 3-Ingredient Nutella Cookies Recipe
  17 ingredients [description] Soft Nutella Cookie Recipe ( Creamy Nutella Filling)
  12 ingredients [description] Nutella Stuffed Cookies
   3 ingredients [description] NUTELLA COOKIES - 3 INGREDIENTS
  10 ingredients [recipe_page] One Skillet Giant Chocolate Chip Nutella Cookies | How Tasty Channel
   0 ingredients [none] These Italian Nutella cookies taste amazing! They just melt in your mouth 🍪
   0 ingredients [none] Easy Nutella Stuffed Chocolate Chunk Cookies (21 cookies with just 1 egg)
  10 ingredients [description] Easy Nutella Stuffed Chocolate Chip Cookies
  10 ingredients [recipe_page] Recipe: Nutella Stuffed Chocolate Chip Skillet Cookie – Warm, Melty Perfection
   0 ingredients [none] Nutella Chocolate Chip Cookies
  10 ingredients [description] Nutella Cookies | Easy Recipe | Weekly Bakes
   6 ingredients [description] NUTELLA BISCUITS Recipe | Popular Nutella Cookies
   0 ingredients [none] 3 INGREDIENT NUTELLA COOKIES | Easy Recipe | Baking Cherry
   0 ingredients [none] Nutella Stuffed Chocolate Cookies | The Cookie Of Your Dreams
  10 ingredients [description] Best Ever Nutella Cookie Pie! EASY
  16 ingredients [description] 누텔라 브라우니 쿠키 만들기 : Nutella Brownie Cookies Recipe : ブラウニークッキー | Cooking tree
   0 ingredients [none] Homemade Nutella Cookies Recipe - Laura Vitale - Laura in the Kitchen Episode 390
   0 ingredients [none] Viral Scoop Cookies in 15 minutes | Nutella filled cookies| soft gooey & easy cookies!
  13 ingredients [description] How to make Chunky NUTELLA Stuffed Chocolate Chip Cookies | NYC Style | Recipe
   0 ingredients [none] NUTELLA COOKIES RECIPE 4 INGREDIENTS | EASY NUTELLA COOKIES
   8 ingredients [description] 🍪 Cookie Pie with Nutella! Simple and quick recipe!
== levain style cookie recipe
  11 ingredients [recipe_page] Giant Levain Bakery Chocolate Chip Cookies By June | Delish
   0 ingredients [none] Levain Bakery Pam and Connie Make Cookies
  10 ingredients [recipe_page] Recreating The Levain Chocolate Chip Cookie | Anything With Alvin
   0 ingredients [none] Recreating Levain Chocolate Chip Cookies Feat. Binging with Babish
  11 ingredients [recipe_page] Indulgent Levain Bakery-Inspired Chocolate Walnut Cookies Recipe
  44 ingredients [description] Levain Bakery's Chocolate Chip Walnut Cookie
  12 ingredients [description] NYC Cookie Recipe | The Best New York Chocolate Chip Cookies You'll Ever Try! | Cupcake Jemma
  10 ingredients [description] The Best Thick NYC Cookies Recipe! Tutorial (Levain Bakery Style)
   0 ingredients [none] Hearty Chocolate Chip Cookies (Levain Bakery Inspired) Recipe : Season 5, Ep. 6 - Chef Julie Yoon
  10 ingredients [description] Levain Bakery Style Cookies | Easy Cookie Recipe
  22 ingredients [description] One Cookie Dough in 4 Flavors New York Style Cookie
  24 ingredients [description] LEVAIN BAKERY’S CHOCOLATE CHIP WALNUT COOKIE COPYCAT
   0 ingredients [none] How to Make Thick, Levain-Style Chocolate Chip Cookies | Serious Eats
  12 ingredients [description] Levain Bakery Oatmeal Cookies Copycat Recipe || William's Kitchen
  11 ingredients [recipe_page] We Tried 9 Levain Cookie Recipes | The Pancake Princess
   0 ingredients [none] How to make New York City's famous Levain cookies | Copycat Recipe
  14 ingredients [description] Levain Bakery Inspired Chunky Chocolate Chip Cookies Recipe
  11 ingredients [recipe_page] Levain Bakery Copycat Chocolate Chip Cookies
  11 ingredients [recipe_page] Levain Bakery Cookies
  20 ingredients [description] NYC Style Chocolate Chip Cookies From 1 Dough ♡ Bake With Me
   8 ingredients [description] Gluten Free Levain Bakery Chocolate Chip Cookies Recipe | New York Style Cookies
  11 ingredients [recipe_page] Famous Levain Bakery Gooey Chocoate Chip Walnut Cookie Recipe!!!!
  11 ingredients [recipe_page] Famous Levain Bakery GOOEY Double Chocolate Chip Cookie Recipe!!! Part 2!
   0 ingredients [none] Levain Bakery Chocolate Chip Walnut Cookies: Crispy Outside with Soft Center | Cooking with Kurt
  10 ingredients [description] NYC Style Chocolate Chip Cookies From One Dough ♡ Bake With Me
   0 ingredients [none] The famous NYC Levain Bakery Cookie Recipe 르뱅 쿠키 레시피
   0 ingredients [none] Levain Bakery Cookies | El Manual de las cookies
  11 ingredients [recipe_page] BEST EVER Copycat Levain Bakery Chocolate Chip Cookies
  11 ingredients [description] Chunky, gooey, chewy, chocolatey and delicious. My take on Levain Bakery famous cookies.
  13 ingredients [recipe_page] Making Levain Bakery Oatmeal Raisin Cookies - Recipe
  15 ingredients [recipe_page] How to Make Levain Bakery Chocolate Cookies n’ Cream Cookies | Imitation/Copy Cat Recipe
== stuffed cookie recipe
   0 ingredients [none] Why stuffed cookies can be tricky (and how to fix them)
  23 ingredients [description] NYC Style Stuffed Cookies ♡ Bake With Me
  17 ingredients [description] Strawberry Cheesecake Stuffed Inside a Gourmet COOKIE!
  16 ingredients [description] BISCOFF STUFFED COOKIES!!!
  15 ingredients [description] White Chocolate Stuffed NYC Cookies ♡ Bake With Me
  24 ingredients [recipe_page] Stuffed Chocolate Chip Cookies
  10 ingredients [description] NY style white chocolate chip cookies with caramel! Easy stuffed cookie recipe
  12 ingredients [description] Cookie Monster Cookie Dough Stuffed Cookies ♡ Bake With Me
   0 ingredients [none] ASMR Nutella Stuffed Cookies【Mukbang/ Eating Sounds】【English subtitles】
  10 ingredients [description] Pistachio Stuffed Cookies Recipe
  15 ingredients [recipe_page] Stuffed Lemon Cookies | How Tasty Channel
  16 ingredients [description] Soft Gooey Biscoff Chocolate Chip Cookies ♡ Bake With Me
  17 ingredients [description] Maamoul Recipe | Semolina Stuffed Cookies
  14 ingredients [description] Cheesecake Stuffed Cookies!
   0 ingredients [none] Day in the life of a BAKERY OWNER / Baking stuffed cookies & sugar cookies / EP:#2
   0 ingredients [none] Brownie Stuffed New York Style Cookies / Brookies ♡ Bake With Me
   0 ingredients [none] Eclair Stuffed Cookies Recipe by Asad Memon-Food Fusion
  18 ingredients [description] NYC Style Chocolate Chip Cookies ♡ Bake With Me
  36 ingredients [description] How to make Chunky Salted Caramel stuffed Chocolate Chip Cookies | NYC Style | Recipe
  10 ingredients [description] HOW TO MAKE DARK CHOCOLATE CHIP NUTELLA STUFFED CHOCOLATE COOKIES
  13 ingredients [description] Soft Strawberry Cheesecake Stuffed Sugar Cookies ♡ Bake With Me
  15 ingredients [description] The Only Stuffed Cookie Recipe You Need — Eggless, Wholewheat, Different Fillings
  12 ingredients [recipe_page] Cheesecake cookies | Baking stuffed cookies at home
   0 ingredients [none] Nutella Stuffed Cookie Pie Recipe (Scoopable Gooey Dessert)
== vegan cookie recipe
  11 ingredients [recipe_page] Chocolate Chip Cookies — literally the best I’ve ever had
  10 ingredients [recipe_page] Stop Trying, THESE are the BEST Vegan Chocolate Chip Cookies | Vegan Dessert Recipes
  10 ingredients [recipe_page] Chewy & Soft Vegan Chocolate Chip Cookies (Better Than Tollhouse!)
  14 ingredients [description] Can A Vegan Chocolate Chip Cookie Satisfy A Cookie Lover? | Goodful
   7 ingredients [description] We Finally Tried CHICKPEA COOKIES… and WOW! WFPB, Low Cal, No Oil!
  10 ingredients [recipe_page] Michelin chefs blind taste vegan chocolate chip cookies
   9 ingredients [recipe_page] The Best Vegan Chocolate Chip Cookie Recipe
  19 ingredients [description] EASY VEGAN COOKIE RECIPES
   0 ingredients [none] 2-Ingredient Vegan Cookies, Gluten-Free, No Sugar, No Flour, No Oil, No Banana 🤯 vegan recipes
   9 ingredients [recipe_page] Vegan Chocolate Chip Cookies - The BEST Recipe!
  10 ingredients [recipe_page] The Best Ever Vegan Chocolate Chip Cookies
   0 ingredients [none] BIG FAT Vegan Cookies in just 15 mins !
   8 ingredients [description] THE BEST VEGAN SUGAR COOKIES RECIPE EVER - No vegan butter - One Bowl - Quick & Easy
   0 ingredients [none] The BEST Vegan Chocolate Chip Cookies?
  13 ingredients [recipe_page] Vegan Levain Bakery Style Giant Chocolate Chip Cookie
   0 ingredients [none] Perfect Vegan Chocolate Chip Cookies - Hot Chocolate Hits
  10 ingredients [recipe_page] The BEST Bakery-Style Chocolate Chip Cookies (egg-free, dairy-free!) 🍪
  10 ingredients [recipe_page] Chickpea cookies | Vegan, sugar-free, gluten-free
   0 ingredients [none] Only 2 INGREDIENTS, NO FLOUR, NO SUGAR! Delicious Cookie, No Dairy, No Egg, Easy, Quick and Healthy
   6 ingredients [description] Mikey Madison’s Vegan Chocolate Chip Cookie Recipe Has Me SPEECHLESS
   8 ingredients [description] Healthy Tahini Cookies - No Butter - No Refined Sugar - Tahini Cookies Vegan - Sesame Cookies Recipe
  11 ingredients [recipe_page] Easy and chewy vegan matcha cookie recipe! | The Chestnut Bakery
   7 ingredients [description] Ovenly's Secretly Vegan Salted Chocolate Chip Cookies | Genius Recipes
   8 ingredients [recipe_page] Best Vegan Cut-Out Sugar Cookies | Recipe |
  10 ingredients [description] Greek Tahini Cookies (Vegan)
  10 ingredients [recipe_page] SECRETLY Vegan Chocolate Chip Cookies | Gluten Free!
  12 ingredients [recipe_page] Easy Vegan Strawberry Cookie Recipe | The Chestnut Bakery
  11 ingredients [description] SOFT & CHEWY Oatmeal Raisin Cookies | VEGAN
  10 ingredients [recipe_page] How to Make Soft n Chewy VEGAN Chocolate Chip Cookies
  11 ingredients [description] I Can't Stop Eating This Vegan Cookie
  11 ingredients [description] Almond Tahini Cookies (Oil-Free, GF & Vegan)
   8 ingredients [recipe_page] NO-BAKE VEGAN COOKIE DOUGH BARS
  10 ingredients [recipe_page] Best Healthy Chocolate Chip Cookies EVER! 🍪  Vegan + Gluten Free
== gluten free cookie recipe
   0 ingredients [none] Bakery-Style GLUTEN FREE CHOCOLATE CHIP COOKIES 𑗅 Soft, Chewy, & Not Gritty!
   0 ingredients [none] MELT IN YOUR MOUTH BUTTER COOKIES | GLUTEN FREE BUTTER COOKIES | LIGHT & CRISPY | EASY RECIPE 🍪😋💕
   0 ingredients [none] The Best Gluten-Free Chocolate Chip Cookies Ever | Bake #WithMe | NYT Cooking
   8 ingredients [recipe_page] GLUTEN-FREE CHOCOLATE CHIP COOKIES | 'nuff said
   8 ingredients [description] Chocolate Chip Cookies Recipe 🍪 Chewy, Soft + Gluten free
   8 ingredients [description] Ultimate Gluten-Free Chocolate Chip Cookies | Easy, Chewy, and Delicious Recipe!
   7 ingredients [recipe_page] THE BEST CHOCOLATE CHIP COOKIES | gluten- free chocolate chip cookies recipe
  10 ingredients [recipe_page] Oatmeal Cookies | Gluten Free | How Tasty Channel
   9 ingredients [recipe_page] For Real, the BEST (Gluten Free or Not) Chocolate Chip Cookies You'll Ever Have!
   0 ingredients [none] GLUTEN-FREE SUGAR COOKIES are this easy? Yep! 𑗅 No-Fail, Cut-Out Holiday Recipe
   0 ingredients [none] 5 Ingredient Chocolate Chip Cookies | Gluten Free + Egg Free + Dairy Free
   0 ingredients [none] 5 Gluten Free Cookie Recipes
   0 ingredients [none] I Tested EVERY Gluten Free Flour!
   8 ingredients [recipe_page] Oat Flour Chocolate Chip Cookies | chewy, gluten-free cookies
  11 ingredients [recipe_page] Vegan Chocolate Cookies Recipe (Gluten-Free)
   3 ingredients [description] Emergency Peanut Butter Cookies | Gluten Free
   8 ingredients [description] Gluten Free Chocolate Chip Cookies
   0 ingredients [none] 6 Gluten Free Cookie Recipes
   0 ingredients [none] the best chocolate chip cookie recipe - gluten free & vegan!
   0 ingredients [none] 3 Ingredient Flourless chocolate cookies Recipe - No flour, Butter and baking powder
   9 ingredients [recipe_page] The PERFECT Chewy Gluten Free Chocolate Chip Cookies
  13 ingredients [recipe_page] Soft n Chewy Gluten-Free Chocolate Chip Cookies
   9 ingredients [recipe_page] EASY Gluten-Free Classic Peanut Butter Cookies Recipe
  12 ingredients [description] Gluten Free Oatmeal Cookies | Small Batch Cookie Recipe
   8 ingredients [recipe_page] Almond Flour Cookies | gluten-free chocolate chip cookies!
  10 ingredients [recipe_page] The Best Gluten Free Chocolate Chip Cookie Recipe
  11 ingredients [recipe_page] Healthy Ginger Cookies (Gluten-free, Paleo) Soft and Chewy, Without Molasses!
   4 ingredients [description] Italian Almond Cookies — No Flour, 15 Minutes🍪Gluten Free & So Easy!
  53 ingredients [recipe_page] Make EIGHT different cookies from ONE gluten free cookie dough!
   3 ingredients [description] 4 INGREDIENT GLUTEN FREE SUGAR COOKIES | Easy Gluten Free Sugar Cookies
  14 ingredients [recipe_page] The Trick to Soft Gluten Free Cookies Everyone Asks About
== chocolate chip cookies from scratch
  10 ingredients [description] CHOCOLATE CHIP COOKIES [The Only Chocolate Chip Cookie Recipe You Need]
   0 ingredients [none] 34 Ways To Make A Cookie
  11 ingredients [description] How to Make the Perfect CHOCOLATE CHIP COOKIES a Super Easy recipe anyone can do!!!!
   0 ingredients [none] PERFECT Easy Chocolate Chip Cookies Recipe
== cookie recipe easy homemade
  10 ingredients [description] Milk Cookies in 5 Minutes! A Simple and Delicious Recipe!
   6 ingredients [description] 1 Minute Microwave CHOCOLATE CHIP COOKIE ! The EASIEST Chocolate Chip Cookies Recipe
   0 ingredients [none] Cookie Recipe in 10 minutes with your kids! Simple easy to follow/ No Egg
   8 ingredients [description] EASY CHOCOLATE CHIP COOKIES
   0 ingredients [none] Easy Chocolate Chip Cookies Recipe
   0 ingredients [none] Best Chocolate Chips Cookies Recipe
  10 ingredients [description] Quick & Easy Small Batch Chocolate Chip Cookies - Ready in No Time!
   7 ingredients [description] How to make Easy Homemade Chocolate Chip Cookies!
   8 ingredients [description] You won't believe how easy it is to make cookies at Home with this recipe!
== christmas cookie recipe
   0 ingredients [none] How To Bake Traditional German Christmas Cookies | Easy Christmas Cookie Recipe
   0 ingredients [none] 12 Christmas Cookies That Will Impress Everyone You Know | NYT Cooking
   8 ingredients [recipe_page] Christmas Cookies! (Cut out sugar cookies)
   8 ingredients [description] EASY CHRISTMAS COOKIE RECIPE
  28 ingredients [recipe_page] Make 10 Christmas Cookies from One Dough!🎄 - The Ultimate Christmas Cookie Box 🎁
  10 ingredients [recipe_page] Christmas Cookies 🎅🏼 SLICE & BAKE! (Santa, boots & wreath cookies) | Holiday Cookies Recipe
   0 ingredients [none] Nigella's Christmas Chocolate Cookies - Nigella's Christmas Kitchen - BBC
  55 ingredients [recipe_page] Make 10 Holiday Cookies from One Dough!🎁 | Christmas Cookie Box
   0 ingredients [none] 10 Christmas Cookies - The Best Winter Holiday Cookie Recipes
   0 ingredients [none] How To Make 9 Classic Christmas Cookie Recipes | Allrecipes
   5 ingredients [description] 4-Ingredient Italian CHRISTMAS COOKIES | Easy Butter Cookies Recipe
   0 ingredients [none] Food Network Chefs' Top Holiday Cookie Recipe Videos 🍪
   0 ingredients [none] 10 EASY CIRCLE CHRISTMAS COOKIES ~ Santa, Snowman, Rudolf, Tree, Snowflake, Wreath, Elf, Gingerbread
   0 ingredients [none] The Top 5 Holiday Cookies
   7 ingredients [description] Italian Lemon Twist Cookies! | Day 3 of 12 Days of Christmas Cookies!!
   0 ingredients [none] 🍪 4-Ingredient Danish Butter Cookies — Christmas Cookie Box Edition 🎄
   0 ingredients [none] 5 of the BEST Christmas Cookies! | All The Cookies YOU Should Make This Winter! • Julia Pacheco
   0 ingredients [none] Pfeffernüsse - German Spice Christmas Cookies | Food Wishes
   3 ingredients [description] I think it’s working! Making Christmas Cookies | Johnny’s Communication Center (JCC) Ep.25
   0 ingredients [none] 8 Christmas Cookie Hacks You Need to Know for the Holidays | Allrecipes
  10 ingredients [recipe_page] Making Christmas Cookies With My Family
   0 ingredients [none] Five Easy Make-Ahead Christmas Cookie Doughs
   0 ingredients [none] EASY Christmas Cookies | Step by Step Tutorial
  10 ingredients [description] My Mom's Italian Christmas Cookies recipe (Knot Cookies)
  14 ingredients [recipe_page] Christmas Sugar Cookies with Easy Icing | Sally's Baking
   9 ingredients [description] Greek Holiday Cookies that MELT-in Your Mouth! Kourabiedes
   0 ingredients [none] Kylie Jenner: Christmas Cookies With Stormi
   0 ingredients [none] 30 Forgotten Christmas Cookies Grandma Made (That We Want Back)
  17 ingredients [description] 1960s CHRISTMAS COOKIE RECIPES - Betty Crocker & Holiday Nostalgia
   0 ingredients [none] All The Cookies You Should Make This Christmas • Tasty
== cut out cookie recipe
   8 ingredients [description] The BEST Cut-Out Cookies that hold their shape perfectly!
  10 ingredients [description] Cut Out SUGAR COOKIES RECIPE
   6 ingredients [description] EASY SUGAR COOKIE RECIPE ~ PERFECT FOR CUT OUT COOKIES
   9 ingredients [description] Best Chocolate Cookie Recipe for Cut Out Cookies
   8 ingredients [recipe_page] Easy Chocolate Sugar Cookies
   0 ingredients [none] Best Sugar Cookie Recipe For Cut Out Cookies
   5 ingredients [description] Easy Cut-Out Chocolate Sugar Cookies | Just 5 Ingredients! | No Spread Cookie Recipe
   0 ingredients [none] 10 Cookie Shaping Hacks to Impress All the Cookie Lovers!! So Yummy
   0 ingredients [none] Cutout Sugar Cookie Recipe - Laura Vitale - Laura in the Kitchen Episode 688
   7 ingredients [recipe_page] Cutout Sugar Cookies
   0 ingredients [none] No Spread Sugar Cookie Recipe for Royal Icing- Updated Sugar Cookie Recipe and Process and Process
  11 ingredients [description] Soft CUT OUT Christmas Sugar Cookies - perfect every time! | The Recipe Rebel
   8 ingredients [description] Vanilla Sugar Cookies - Perfect for cut out and decorating
  11 ingredients [description] How to Make Simple Versatile Sugar Cookies
   0 ingredients [none] Shortbread Cut-Out Cookies With Royal Icing
   8 ingredients [recipe_page] Sugar Cookie Cut Outs | A No Chill Recipe
   0 ingredients [none] What's the Best Thickness for Sugar Cookies?
   0 ingredients [none] How To Make: Cake Mix Cut Out Cookies
  10 ingredients [recipe_page] This Chocolate Sugar Cookie Recipe is TRULY NO SPREAD |Make Perfect Circle Sugar Cookies to Decorate
   0 ingredients [none] 3 Common Cookie Decorating Mistakes You Need To Avoid!
== matcha cookie recipe
  11 ingredients [description] Matcha White Chocolate Cookies 🍵 one of my fave recipes EVER
  17 ingredients [recipe_page] Matcha Latte Cookies | Eric Kim | NYT Cooking
   8 ingredients [description] Easy Brown Butter Matcha cookies with white chocolate chips
  12 ingredients [description] Levain Style Matcha Cookies | 紐約Levain抹茶曲奇 | ニューヨークLevain抹茶クッキー | 뉴욕Levain말차쿠키
  12 ingredients [description] Matcha White Chocolate Cookie Recipe | Soft & Chewy
  14 ingredients [description] [3-in-1] Best Chocolate Chip Cookies Chewy & Crispy [Vani, Chocolate, Matcha]
   0 ingredients [none] Chewy & Soft Matcha Cookie Recipe for spring!
   0 ingredients [none] How to make Matcha Cookies 〜抹茶クッキー〜  | easy Japanese home cooking recipe
  11 ingredients [description] How to Make Matcha Chocolate Chip Cookies
   6 ingredients [description] How To Make Green Tea Cookies (Recipe) 抹茶クッキーの作り方（レシピ）
  11 ingredients [description] 초간단 쫀득한 말차 화이트초코 쿠키 만들기 | 자도르
   0 ingredients [none] 진~한 녹차(말차) 쿠키 만들기 (초간단! 모양도 예쁨! 핸드믹서 없이 르뱅쿠키 스타일, The Best Greentea Matcha Cookies, Levain Style)
   0 ingredients [none] Matcha White Chocolate Cookies – Bruno Albouze
   5 ingredients [description] Matcha Cookies 抹茶クッキー
  11 ingredients [description] Matcha and White Chocolate Cookies Recipe || William's Kitchen
   0 ingredients [none] Make the BEST matcha cookies! (simple and delicious!!)-instructions in video!!-
   9 ingredients [description] Matcha Chocolate Chip Cookies Recipe
   0 ingredients [none] I Tried Viral Matcha Recipes *obsessed* 🍵
  13 ingredients [recipe_page] VEGAN MATCHA COOKIES | Easy No Mixer Cookie Recipe
   8 ingredients [description] Matcha Checkerboard Cookies 🏁 step-by-step cozy baking at home
  12 ingredients [description] Matcha Cookie
  11 ingredients [description] Strawberry Matcha Cookies ♡ Bake With Me
  12 ingredients [description] MATCHA OVERLOAD COOKIES RECIPE
  11 ingredients [description] Soft Strawberry Cheesecake Matcha Cookies 🍓 Bake With Me
  12 ingredients [description] MATCHA SOFT COOKIES Recipe | Crisp outside soft inside matcha flavored with white chocolate cookie
   5 ingredients [description] Matcha Green Tea Cookies Recipe - no cutters
   0 ingredients [none] How to Make Matcha Oreos Recipe - The Boy Who Bakes
   9 ingredients [description] Matcha White Chocolate Cookies Recipe
   0 ingredients [none] Matcha Oreo Chocolate Chip Cookies ♡ Bake With Me
   8 ingredients [description] The EASIEST Matcha Cookies | Tasty Recipe
   9 ingredients [description] Matcha Cookies with Dark Chocolate Chips (Better Than the Café!)
  10 ingredients [description] MATCHA COOKIES | How to Make Matcha Cookies with White Chocolate Chips | Ep. 72 | Mortar and Pastry
  11 ingredients [recipe_page] Matcha-Black Sesame Shortbreads | Sue Li | Cookie Week | NYT Cooking
  20 ingredients [recipe_page] Vegan Starbucks Style Matcha Latte & Matcha Cream Cookies 🍵 Sugar-free plant based recipes!
== coconut cookie recipe
   9 ingredients [recipe_page] Amazing Coconut Cookies Recipe
   0 ingredients [none] Soft & Chewy Coconut Cookies | Easy Homemade Recipe
   9 ingredients [recipe_page] Coconut Lovers… This Cookie Recipe Will Blow Your Mind! 🍪
   7 ingredients [description] 5-Minuten-Kokosplätzchen, die das Internet im Sturm erobert haben!
   9 ingredients [description] The best crispy, chewy COCONUT COOKIES i've ever had
   6 ingredients [description] 4 INGREDIENTS COCONUT COOKIES RECIPE | EASY HOMEMADE COOKIES
   8 ingredients [description] COCONUT COOKIES / Original Bakery Biscuits at Home by (YES I CAN COOK)
   9 ingredients [recipe_page] Coconut Cookies
   0 ingredients [none] Bakery Style Coconut Macaroons Recipe| Khopray Wala Biscuit| Original Coconut Biscuit|Yummiest Tarka
   7 ingredients [description] 🥥 5-Minute Coconut Cookies That Broke the Internet! Easy & Addictive!
   6 ingredients [recipe_page] Easy Coconut Macaroons Recipe | So delicious!
  12 ingredients [description] How to Make Coconut Cookies
   3 ingredients [description] 3-Ingredient Coconut Cookies Recipe
   9 ingredients [description] Chewy Coconut Cookies Recipe
   6 ingredients [description] Coconut Cookies Recipe | Coconut Macaroons |Persian Coconut Cookies | Shirini Nargili
   6 ingredients [recipe_page] Melt-In-Your-Mouth Thai Coconut Cookies (kanom ping)
   7 ingredients [description] Delicious coconut cookies! Simple, fast, delicious!
   2 ingredients [recipe_page] 2-Ingredient Coconut Cookies Recipe
   0 ingredients [none] Coconut Cookies Recipe | Simple And Delicious!
   0 ingredients [none] 5-Minute Coconut Cookies That Broke the Internet! (Easy & Addictive!)
   0 ingredients [none] Coconut cookies recipe without oven
   0 ingredients [none] Coconut Cookies | Bakery Style Crispy Coconut Biscuits recipe
   9 ingredients [description] Coconut Macaroons | Easy No Flour Cookie Recipe
   6 ingredients [description] How to make most delicious coconut cookies | coconut biscuits recipe
   0 ingredients [none] Coconut Cookies 🥥 (Bakery style) | Coconut Cookies Recipe At Home
   0 ingredients [none] Coconut Cookies | Eggless Coconut Cookies Recipe
   0 ingredients [none] Quick and easy Coconut cookies recipe
  10 ingredients [description] बाजार जैसी कोकोनट कूकीज कैसे बनाते हैं | Eggless COCONUT COOKIES in Kadai | Coconut Cookies Recipe
   0 ingredients [none] Pink Coconut Magic Cookies Ghar Pe Banaye in Minutes! Easy Mithai Style Treat Recipe - RKK
   0 ingredients [none] Coconut Chocolate Chip Cookies Recipe - Laura Vitale - Laura in the Kitchen Episode 544
   0 ingredients [none] Coconut Ghriba (Moroccan Coconut Cookie) Recipe - CookingWithAlia - Episode 195
   6 ingredients [description] The Best Coconut Macaroons Recipe | Gluten free Coconut Cookies Recipe
   0 ingredients [none] 🔴 Crispy Coconut Cookies | How to make coconut biscuits at home |  Coconut Cookie Recipe
   4 ingredients [description] How to make coconut cookies |   Bakery biscuit recipe #biscuit
   0 ingredients [none] Coconut Macaroons  Recipe By Food Fusion
== almond cookie recipe
   0 ingredients [none] Lacy Almond Cookies - Everyday Food with Sarah Carey
   0 ingredients [none] Italian Almond Cookies by Cooking with Manuela
   0 ingredients [none] Italian Almond Cookies
  12 ingredients [recipe_page] Almond Cookies
   6 ingredients [description] How to Make Delicious Almond Cookies / Easy Recipes🍪💕
  12 ingredients [description] Stop sleeping on Chinese Almond Cookies
   4 ingredients [description] Almond Cookies - Amaretti
   6 ingredients [description] Best Italian Almond Cookies Recipe | Soft, Chewy & Flourless
   8 ingredients [description] How to Make Almond Cookies (Soft and Chewy)
   0 ingredients [none] The Most Amazing Almond Cookie Recipe!
   7 ingredients [description] Moroccan Almond Cookies ❤️ They will disappear in 1 minute!
   0 ingredients [none] How to Make Amazing Orange and Almond Cookies
   0 ingredients [none] ALMOND COOKIES / Biscuits by (YES I CAN COOK)
   4 ingredients [recipe_page] 3 Ingredient ALMOND COOKIES | The EASIEST Cookies to Make | Quick Recipe
  10 ingredients [description] Almond Cookies Recipe
   9 ingredients [description] Homemade Vanilla Almond Cookies Recipe - Perfect for Any Occasion!
   0 ingredients [none] Almond Cookies | BETTER THAN ANY STORE BOUGHT GUARANTEED!! | 1000 SUBS HUGE GIVEAWAY!!
   5 ingredients [description] ITALIAN ALMOND COOKIES (RICCIARELLI)
  10 ingredients [description] Authentic Chinese Almond Cookies Recipe
   8 ingredients [description] Italian Almond Cookies Recipe | Paste di Mandorla
   6 ingredients [description] How To Make ALMOND COOKIES Like a Pastry Chef | A Sicilian Tradition
   0 ingredients [none] Chinese Almond Cookies (Best Recipe Ever!)
   9 ingredients [description] Crunchy Almond Cookies | Quick and Easy Cookie Recipe | Cooking Sounds
   8 ingredients [recipe_page] Best Almond Cookies Recipe - No Flour Just Almonds
   4 ingredients [description] How to Make Italian Almond Cookies with Maraschino Cherries | Sicilian Pastry (ONLY 3 INGREDIENTS)
   3 ingredients [description] 3-Ingredient Almond Cookies Easy Recipe 🍪 Italian Almond Cookies with Almond Flour
   9 ingredients [description] How to Make Chinese Almond Cookies!
   0 ingredients [none] Crispy Almond Cookies (No Florentine) | Easy Baking
   4 ingredients [description] Melt-In-Your-Mouth Italian Lemon / Limoncello Amaretti - Almond Cookies (e87)
   5 ingredients [description] Soft & Chewy Amaretti Cookies | How To Make Classic Italian Almond Cookies
   4 ingredients [description] The Best Amaretti Cookies: A Italian Almond Christmas Cookie Recipe
   0 ingredients [none] Crispy Almond Cookies Recipe | Easy & Delicious Homemade Treat
   0 ingredients [none] Almond Stick Cookies Recipe | Nutty Stick Recipe | Almond Cookies Recipe | Yummy
   0 ingredients [none] Flourless Crispy Almond Cookies Recipe | ShareTheCook
== cranberry white chocolate cookie recipe
  10 ingredients [recipe_page] White Chocolate Chip Cranberry Cookies Recipe
  11 ingredients [recipe_page] Cranberry White Chocolate Cookies | How Tasty Channel
  11 ingredients [recipe_page] White Chocolate Chip Cranberry Cookies | Sally's Baking
  11 ingredients [recipe_page] Soft and Chewy Cranberry White  Chocolate Chip Cookies
   9 ingredients [description] White Chocolate Cranberry Cookies Recipe | Christmas Cookies
   0 ingredients [none] Soft & Chewy Cranberry White Chocolate Cookies 🐞| คุกกี้แครนเบอร์รี่ไวท์ช็อกโกแลต |#softcookies
   0 ingredients [none] Chef Carla Hall shares her cranberry white chocolate oatmeal cookie recipe l GMA
  12 ingredients [description] White Chocolate Chip Cranberry Macadamia Cookies - Honeysuckle
   0 ingredients [none] Cranberry White Chocolate Cookies Recipe Video || Bakestarters
   0 ingredients [none] Cranberry White Chocolate Shortbread Recipe
  10 ingredients [description] Soft and Chewy White Chocolate Chip Cranberry Cookies
   6 ingredients [description] Cranberry White Chocolate Shortbread Cookies
   5 ingredients [recipe_page] Cranberry-Chocolate Chunk Cookies | Betty Crocker Recipe
  13 ingredients [recipe_page] White Chocolate Cranberry Oatmeal Cookies Recipe
  10 ingredients [description] White Chocolate Cranberry Cookies
   9 ingredients [description] White Chocolate & Cranberry Cookie
  11 ingredients [description] CRANBERRY WHITE CHOCOLATE CHIP COOKIES
  11 ingredients [recipe_page] Indulge in Heavenly White Chocolate Cranberry Cookies
  14 ingredients [recipe_page] White Chocolate Dipped Cranberry Oatmeal Cookies
  10 ingredients [description] How I make White chocolate raspberry cookie ♡
  13 ingredients [description] Oatmeal Cranberry Cookies loaded with PECANS and White Chocolate Chips! 🎁 Holiday Cookie! 🍪
  10 ingredients [description] White Chocolate Chip Cranberry Oatmeal Cookies
  10 ingredients [description] White Chocolate, Cranberry & Orange Cookie Recipe
  22 ingredients [description] Professional Baker Teaches You How To Make PECAN COOKIES!
   0 ingredients [none] White Chocolate Cranberry Shortbread Cookies Recipe
   0 ingredients [none] How to Make White Chocolate Macadamia Cranberry Dreams | Cookie Recipes | Allrecipes.com
  12 ingredients [description] Soft Chewy White Chocolate Cranberry Matcha Cookies 白巧蔓越莓餅乾食譜 | 超簡單還爆好吃🍪💚
  11 ingredients [description] WHITE CHOCOLATE CRANBERRY PECAN COOKIES / Best Cookie Recipe, White Chocolate Chip Cookies, Cookies
   0 ingredients [none] EASY CRANBERRY WHITE CHOCOLATE COOKIE BARS
  11 ingredients [description] Christmas Cranberry & White Chocolate Cookies With Linda's Pantry
  11 ingredients [description] Recipe Share | Holiday Baking | White Chocolate and Cranberry Cookies
   0 ingredients [none] How to Make White Chocolate Cranberry Biscotti
   0 ingredients [none] White Chocolate Cranberry Cookies Recipe | Easy Cookie Recipes
   0 ingredients [none] How To Make Christmas Cranberry and White Chocolate Cookies - Recipe
== salted caramel cookie recipe
  14 ingredients [recipe_page] Salted Caramel Chocolate Chip Cookies #GrandbabyCakes
  11 ingredients [description] Chewy Salted Caramel Cookie Recipe | Cupcake Jemma
  10 ingredients [description] Salted Caramel Chocolate Chip Cookies ♡ Bake With Me
  13 ingredients [recipe_page] Salted Caramel Dark Chocolate Cookies | Sally's Baking
   7 ingredients [description] How to make Chewy Salted Caramels | Cupcake Jemma
  14 ingredients [description] NYC Style Salted Caramel Pecan Chocolate Chip Cookies 🍪
  17 ingredients [description] Salted Caramel Cookies ♡ Bake with me
   0 ingredients [none] How to Make Salted Caramel Cookies
  11 ingredients [description] How to make Salted Caramel Cookies Tutorial
  13 ingredients [recipe_page] Brown Butter Salted Caramel Chocolate Chunk Cookies
  12 ingredients [recipe_page] Salted Caramel Chocolate Chip Cookies | Sally's Baking
  10 ingredients [description] Salted Caramel Cookies | Eggless Cookies Recipe | How To Make Caramel Sauce | Chef Bhumika
   0 ingredients [none] Salted Caramel Chocolate Chip Cookie Bars
  14 ingredients [recipe_page] Salted Caramel Crunch Cookies
   0 ingredients [none] How to Make Salted Caramel Cookies | Loaded Cookie Recipe
   6 ingredients [recipe_page] Salted Caramel Cookies using Homemade Salted Caramel Sauce! ~The PERFECT FALL Cookie~
   0 ingredients [none] The Best Ever Salted Caramel Chocolate Chip Cookie Bars
   3 ingredients [description] Salted Caramel Pretzel Chocolate Chip Cookies |  Soft & Chewy | #trending #cookies #chewy #soft
   0 ingredients [none] Crumbl Salted Caramel Cheesecake Cookie Copycat Recipe
  10 ingredients [description] Salted Caramel Cookies | Sundaebake
   0 ingredients [none] Dark Chocolate Salted Caramel Cookies | Homemade Cookie Recipe by Forkly
  14 ingredients [description] Salted Caramel Pecan Chocolate Chip Cookies ♡ Bake With Me
   0 ingredients [none] How to make Caramel Butter Sandwich Cookie | 카라멜 버터 샌드 쿠키 만드는 법
   0 ingredients [none] How to Make Salted Caramel-Chocolate-Pecan Cookies | Cookie Recipes | Allrecipes.com
   0 ingredients [none] Gochujang Caramel Cookies | Eric Kim | NYT Cooking
  12 ingredients [description] Salty, Sweet, & Chocolaty Caramel Pretzel Chocolate Chunk Cookies
   8 ingredients [description] Salted Chocolate Brownie Cookies | Cupcake Jemma
   0 ingredients [none] Chocolate Pecan Caramel Cookies – Bruno Albouze
   0 ingredients [none] Salted Caramel Chocolate Chip Cookies (How to Freeze Cookie Dough)
  15 ingredients [description] Professional Baker Teaches You How To Make CARAMEL COOKIES!
  14 ingredients [recipe_page] Salted Caramel Chocolate Chip Cookies Recipe
   0 ingredients [none] Salted Caramel Coconut Cookies
  10 ingredients [recipe_page] Chocolate Chip Caramel Bars will seriously change your life!
   9 ingredients [description] Eggless Chocolate Chip Caramel  Cookies | The Only Cookie Recipe you Need | Salted Caramel Cookies
== s'mores cookie recipe
  14 ingredients [recipe_page] Smores Cookies
  15 ingredients [recipe_page] Red Velvet S’mores Cookies | Bake with me 🍪
   0 ingredients [none] These S’mores Cookies Are INSANE.
   3 ingredients [description] SMORES COOKIES | ooey, gooey, cookie recipe
  12 ingredients [description] The Viral S’mores Cookies with Chocolate Chips 🤍 bake with me
   9 ingredients [description] How to Make S'mores Cookies
  10 ingredients [description] S’mores Cookies Recipe 💕
  13 ingredients [recipe_page] S'mores Chocolate Chip Cookies | Sally's Baking
  14 ingredients [description] S'mores Cookies: A Camp Fire Favorite Turned into a Cookie
   8 ingredients [description] The BEST S’mores Cookies Recipe | Soft, Gooey & Loaded
  10 ingredients [recipe_page] S’mores Cookie Bars | Sally's Baking
  12 ingredients [description] S'mores Cookies Recipe (Indoor Smores!)
  17 ingredients [recipe_page] S'mores Cookie Cups | Preppy Kitchen
  14 ingredients [description] S’mores… But Make Them Cookies
  14 ingredients [recipe_page] BEST EVER S'mores Cookie Bars!
  12 ingredients [description] Chocolate Chip S'MORES Cookie BARS Recipe!
  19 ingredients [description] Fluffy Biscoff S'more Chocolate Chip Cookies ♡ Bake With Me
   3 ingredients [recipe_page] Viral s’mores chocolate chip cookie recipe
   0 ingredients [none] Chocolatey, Marshmallowy S'mores Cookies | Recipe Drop | Food52
   0 ingredients [none] HOW TO MAKE VIRAL TIKTOK S'MORES COOKIES!
  12 ingredients [description] S’mores Stuffed Cookies
  36 ingredients [description] S`mores Cookies | 3 Flavors Chocolate Chip Cookies With Marshmallow | Red Velvet And Chocolate
  11 ingredients [description] S'mores Cookie Recipe
   0 ingredients [none] S'Mores Cookie Cups Recipe - Laura Vitale - Laura in the Kitchen Episode 801
   0 ingredients [none] The BEST EVER S'more Cookie Bars
   8 ingredients [description] Recipe of the Day: S'mores Cookie Crumble Bars | Food Network
  14 ingredients [description] Ree Drummond's S'mores Cookies | The Pioneer Woman | Food Network
   4 ingredients [description] Best S’mores Chocolate Chip Cookies | Cozy Fall Baking 🍂🍫
  15 ingredients [description] How to make S’mores Cookies from scratch | S’mores Cookies Recipe | Smores cookies
   0 ingredients [none] Sesame Street: How to Make S'mores! | Cookie Monster's Foodie Truck
  40 ingredients [description] Cách làm Bánh Quy Marshmallow trong các tiệm cafe | S'mores Cookie Recipe | Lilo Kitchen
  20 ingredients [description] Gooey Brown Butter S’mores Cookie Bars 🍫 Cozy Baking
== espresso chocolate cookie recipe
   0 ingredients [none] How to Make Espresso Chocolate Chip Cookies (from Broma Bakery)
   0 ingredients [none] How to Make Espresso Chocolate Chunk Cookies | Java Chip Cookie Recipe | Hosted at Home
  12 ingredients [description] Chocolate Espresso Cookies
  10 ingredients [recipe_page] Chocolate Espresso Cookies
  10 ingredients [description] Double Chocolate Espresso Cookies
  16 ingredients [description] Espresso Chocolate Chip Oatmeal Pie Cookies ♡ Bake With Me
   7 ingredients [description] how to make espresso hazelnut chocolate cookies - easy cookie recipe!
  10 ingredients [description] ESPRESSO COOKIES | Espresso Chocolate Chip Cookies
   0 ingredients [none] Espresso Chocolate Chip Cookies
  12 ingredients [description] Chocolate Espresso Cookies — Rich, fudgy, and soft!
  36 ingredients [description] Sablé Cookies 🟡🔺🟫 [Lemon, Coffee & Chocolate] Shortbread Cookies Recipe
   0 ingredients [none] Chocolate Espresso Cookies
   8 ingredients [recipe_page] Chocolate Espresso Shortbread Cookies
   0 ingredients [none] 🍪THE BEST ESPRESSO DOUBLE CHOCOLATE CHIP COOKIES! NESTLE RECIPE! SO DELICIOUS!!🍪
  10 ingredients [description] Chewy Espresso Chocolate Chip Cookies | Casual Baking
   0 ingredients [none] DOUBLE CHOCOLATE CHIP ESPRESSO/COFFEE COOKIES!
  11 ingredients [recipe_page] Espresso Chocolate Chip Cookie Recipe - Homebody Eats
  12 ingredients [description] how to make coffee walnut chocolate chip cookies - easy recipe with Coffee Friend (ad)
  10 ingredients [description] Espresso chocolate cookies. These cookies are full of flavor and  pure heaven for coffee lovers.
  12 ingredients [recipe_page] Espresso Chocolate Chip Cookies
  10 ingredients [description] Coffee Bean Cookies Recipe
   0 ingredients [none] Chocolate Espresso Cookies by Nicole Gaffney
   8 ingredients [description] Monster Espresso Chocolate Chip Cookies
  11 ingredients [description] Gooey Espresso Chocolate Cookies – Soft, Crispy & Absolutely Addictive! 🍪☕
  12 ingredients [description] Chocolate Espresso Cookies
  10 ingredients [description] Homemade Espresso Chocolate Chip Cookies | Coffee-Infused Dessert
== pumpkin cookie recipe
  17 ingredients [recipe_page] The BEST Pumpkin Cookies Recipe
  12 ingredients [recipe_page] The MOST Amazing Pumpkin Chocolate Chip Cookies Recipe
   0 ingredients [none] Pumpkin Cookies Recipe | How to Make Pumpkin Cookies
  15 ingredients [recipe_page] How To Make CHEWY PUMPKIN HERMITS - The BEST Bar Cookies for THANKSGIVING
  13 ingredients [description] Finally a NOT Cakey Pumpkin Cookie
  19 ingredients [recipe_page] Soft Pumpkin Cookies | Sally's Baking
  17 ingredients [recipe_page] How to Make Pumpkin Cookies
  12 ingredients [description] Soft and Chewy Healthy PUMPKIN COOKIES Recipe (No Refined Sugar, Vegan)
  10 ingredients [description] Healthy Pumpkin Cookies (Oil Free)
   0 ingredients [none] Martha Stewart's Favorite Pumpkin Recipes (Cakes, Pies & More)
  11 ingredients [description] ALL the Fall Flavor WITHOUT Pumpkin: Pumpkin Spice Cookies
  15 ingredients [recipe_page] Brown Butter & Maple Pumpkin Cookies
   0 ingredients [none] Chewy Pumpkin Cookies Recipe
  15 ingredients [description] Soft Pumpkin Cookies | Melt in Your Mouth Pumpkin Cookies | Gluten Free Option
   8 ingredients [description] Old-Fashioned Soft Pumpkin cookies
  19 ingredients [description] Soft Pumpkin Pie Cookies ♡ Bake With Me
  14 ingredients [description] Best Pumpkin Cookies Ever! Easy Holiday Recipe
  15 ingredients [description] Pumpkin Spice Latte Cookies (Crumbl-Style) 🍪 bake with me
  17 ingredients [description] Brown Butter Pumpkin Cheesecake Snickerdoodles 🍂 Bake With Me
  20 ingredients [recipe_page] Pumpkin Cheesecake Cookies | How Tasty Channel
  17 ingredients [description] These Pumpkin Cookies Filled with Cheesecake are Fun for Fall
   0 ingredients [none] The Viral 3 Ingredient Pumpkin Spice Cookies That Broke the Internet
  19 ingredients [description] Pumpkin Spice S'mores Cookies Recipe with Toasted Meringue Topping | Cupcake Jemma
  14 ingredients [description] How to Make Pumpkin Chocolate Chip Cookies
  14 ingredients [description] Pumpkin spice cookies with cream cheese icing ￼
  17 ingredients [recipe_page] Brown Butter Pumpkin Oatmeal Cookies | Sally's Baking
  13 ingredients [description] Easy Homemade Soft Pumpkin Cookies
  14 ingredients [description] PUMPKIN OATMEAL POWER COOKIES | easy, healthy recipe
  12 ingredients [recipe_page] Pumpkin Chocolate Chip Cookies | Sally's Baking
  16 ingredients [description] Pumpkin Spice Cake Cookies, Baked by Anna Olson!
  15 ingredients [recipe_page] Eggless Pumpkin Cookies | How Tasty Channel
   0 ingredients [none] How to Make Pumpkin Cookies
   0 ingredients [none] Pumpkin Cookies Recipe Demonstration - Joyofbaking.com
   0 ingredients [none] BethBakes: Pumpkin Cookies with Caramel Frosting!
== chocolate crinkle cookies
   7 ingredients [description] Chocolate Crinkle Cookies || Zebra Cookies/ How To Make Chewy Crinkle Cookies/ Sonya's Prep
   9 ingredients [description] Chocolate Crinkles, SIMPOL!
  13 ingredients [description] Extra Crackly CHOCOLATE CRINKLE COOKIES
   9 ingredients [description] CHEWY AND FUDGY CHOCOLATE CRINKLES
   9 ingredients [description] Easy Chocolate Crinkle Cookies | Mary Cookhouse
  11 ingredients [description] Chocolate Crinkle Cookies | How Not to Mess Up Cookies | Food Network
  12 ingredients [description] NO BUTTER - Vegan Chocolate Crinkle Cookies | Holiday Cookies
  11 ingredients [description] How to Make Chocolate Crinkle Cookies
   0 ingredients [none] Chocolate Crinkle Cookies: Rich, Fudgy with Soft-Baked Center & Crackled Texture | Cooking with Kurt
  10 ingredients [recipe_page] How to Make Chocolate Crinkles Cookies
   4 ingredients [description] Eggless Chocolate Crinkle Cookies | PERFECT CRACKS Every Time | Bakery Style
   9 ingredients [recipe_page] Chocolate Crinkles | Betty Crocker Recipe
  13 ingredients [description] I made healthier CHOCOLATE CRINKLE COOKIES for the holidays
   8 ingredients [description] Chocolate Crinkle Cookies ♡ Bake With Me
   9 ingredients [description] Fudgy Chocolate Crinkle Cookies!! How to Make Crinkles Recipe
== oatmeal chocolate chip cookie recipe
  10 ingredients [recipe_page] Chewy Oatmeal Chocolate Chip Cookies Recipe
  12 ingredients [description] Oatmeal Chocolate Chip Cookies
  10 ingredients [recipe_page] Oatmeal Chocolate Chip Cookies
  12 ingredients [recipe_page] BEST Oatmeal Chocolate Chip Cookies (SO CHEWY!)
  10 ingredients [recipe_page] Oatmeal Chocolate Chip Cookies
   5 ingredients [description] Oatmeal Chocolate Chip Cookies
   9 ingredients [recipe_page] Brown Butter Oatmeal Chocolate Chip Cookies
  13 ingredients [description] Chewiest Chocolate Oatmeal Cookies | Anna Olson Recipe
   4 ingredients [description] Soft and Chewy Oatmeal Chocolate Chip Cookies/Easy Oatmeal chocolate chip cookie recipe
   9 ingredients [description] Oatmeal Chocolate Chip Cookies Recipe (lower in calories!)
  14 ingredients [description] Claire Saffitz Makes The Best Oatmeal Cookies | Dessert Person
   0 ingredients [none] We Tried 12 Oatmeal Chocolate Chip Cookie Recipes
  12 ingredients [description] How to Make Oatmeal Chocolate Chip Cookies
  12 ingredients [description] Beth's Oatmeal Chocolate Chip Cookie (Soft and Chewy!)
   7 ingredients [description] Healthy Oatmeal Chocolate Chip Cookies (No Sugar, No Flour) #cookies #cookingchannel  #asmrcooking
  14 ingredients [description] Chewy Double Chocolate Oatmeal Cookies Recipe | HEARTHFUL KITCHEN EP. 44
  13 ingredients [description] Easy Chocolate Chip Oatmeal Cookies | Oatmeal Chocolate Chip Cookie Recipe
  12 ingredients [description] Chewy Single Serve Oatmeal Chocolate Chip Cookie ♡ Bake With Me
  10 ingredients [recipe_page] Oatmeal-Chocolate Chip Cookies | Betty Crocker Recipe
  12 ingredients [description] Big Peanut Butter Oatmeal Chocolate Chip Cookies Recipe - Ultimate Easy Chewy Loaded Cookie Recipe!
   0 ingredients [none] How to Make Chocolate Chip Oatmeal Cookies | Allrecipes.com
   0 ingredients [none] Oatmeal Chocolate Chip Cookie Bars
  10 ingredients [description] OATMEAL CHOCOLATE CHIP COOKIES
   8 ingredients [description] OAT-CHOCOLATE CHIP COOKIES with EGGLESS option | self isolation baking recipes
  13 ingredients [recipe_page] The BEST healthy oatmeal chocolate-chip cookies
  10 ingredients [description] Oatmeal Chocolate Chip Cookies (No Mixer Needed!)
   0 ingredients [none] Easy & Delicious Oatmeal Chocolate Chip Cookies | Easy Baking Tutorial
   6 ingredients [description] Best Crispy Chocolate Chip Oatmeal Cookies
== sugar cookie icing recipe
   5 ingredients [recipe_page] Easy Sugar Cookie Icing Recipe
   7 ingredients [description] How to ice Sugar Cookies for beginners | Hand-Iced Biscuits | Biscuiteers Baking Company
   4 ingredients [description] Sugar Cookie Icing that's Easier to Make and Foolproof
   6 ingredients [recipe_page] The Best Simple Eggless Royal Icing *No egg whites or meringue powder needed*
   0 ingredients [none] Royal Icing Consistencies (How to flood and outline a cookie)
   0 ingredients [none] The Best Sugar Cookies to Decorate with Royal Icing (No Spread!!)
   5 ingredients [recipe_page] EASY Sugar Cookie Icing Recipe
   3 ingredients [description] Quick and Easy Royal Icing Recipe
   3 ingredients [recipe_page] How to Make Royal Icing
   3 ingredients [recipe_page] Easy Sugar Cookie ICING Recipe WITHOUT CORN SYRUP (No Meringue Powder Used!)
   4 ingredients [description] Hard Icing for Sugar Cookies Recipe - EASY!  Make it Delicious by Adding this Ingredient!
   5 ingredients [recipe_page] Easy Cookie Icing | Sally's Baking
   7 ingredients [description] How to Make The BEST ROYAL ICING (Quick & Easy Tasty Recipe)
   3 ingredients [recipe_page] Easy Royal Icing Recipe
   0 ingredients [none] Soft Sugar Cookies with Icing Recipe- Hot Chocolate Hits
   0 ingredients [none] How To Make Sugar Cookies With Royal Icing | SUGAR COOKIES | ROYAL ICING
   3 ingredients [recipe_page] Royal Icing Recipe for Beginners | Two Ingredients
   7 ingredients [description] BEST ROYAL ICING RECIPE & Perfect Icing Consistency
   5 ingredients [recipe_page] How to Decorate Sugar Cookies | Sally's Baking
   0 ingredients [none] Cookie Decorating Masterclass | Cupcake Jemma Masterclass
   0 ingredients [none] How to Make Royal Icing (Plus, Coloring and Consistency Adjustments)
   0 ingredients [none] How to Dip Sugar Cookies
   0 ingredients [none] How to Make Powdered Sugar Icing
   0 ingredients [none] Baby Shower | Royal Icing Cookies Tutorial
   5 ingredients [description] Easy Royal Icing Recipe for Cookie Decorating - LOTS OF TIPS!
  13 ingredients [description] Chewy Sugar Cookies with Fluffy Frosting | Happy Baking with Erin Jeanne McDowell
   0 ingredients [none] Easy Royal Icing Recipe (The Simple Step You're Probably Skipping)
   5 ingredients [recipe_page] Dreamy Buttercream Frosting Recipe | So Easy!
